--------- beginning of crash
07-08 14:58:27.512  3789  5044 F libc    : Fatal signal 11 (SIGSEGV), code 1, fault addr 0x7ef81e5000 in tid 5044 (netmgrd)
07-08 14:58:27.647  3780  3780 F DEBUG   : *** *** *** *** *** *** *** *** *** *** *** *** *** *** *** ***
07-08 14:58:27.649  3780  3780 F DEBUG   : Build fingerprint: 'Android/aosp_bullhead/bullhead:6.0.1/MTC19Z/2016.07.07.02.16.02:user/release-keys'
07-08 14:58:27.651  3780  3780 F DEBUG   : Revision: 'rev_1.0'
07-08 14:58:27.654  3780  3780 F DEBUG   : ABI: 'arm64'
07-08 14:58:27.656  3780  3780 F DEBUG   : pid: 3789, tid: 5044, name: netmgrd  >>> /system/bin/netmgrd <<<
07-08 14:58:27.656  3780  3780 F DEBUG   : signal 11 (SIGSEGV), code 1 (SEGV_MAPERR), fault addr 0x7ef81e5000
07-08 14:58:27.667  4679  6832 W NativeCrashListener: Couldn't find ProcessRecord for pid 3789
07-08 14:58:27.713  3780  3780 F DEBUG   :     x0   0000007ef81e4604  x1   0000007ef81e5000  x2   dfdfdfdfdfdfdfdf  x3   dfdfdfdfdfdfdfdf
07-08 14:58:27.714  3780  3780 F DEBUG   :     x4   dfdfdfdfffffffff  x5   0000000000000000  x6   0000000000000000  x7   dededededededede
07-08 14:58:27.714  3780  3780 F DEBUG   :     x8   ffffffffffffffff  x9   dededededededede  x10  ffffffffffffffff  x11  0101010101010101
07-08 14:58:27.715  3780  3780 F DEBUG   :     x12  0000007f07647517  x13  0000000000000061  x14  000000007fffff9e  x15  0000000000000000
07-08 14:58:27.716  3780  3780 F DEBUG   :     x16  0000007f69e88d10  x17  0000007f69df8be4  x18  0000007f076475a0  x19  0000007f07647524
07-08 14:58:27.716  3780  3780 F DEBUG   :     x20  0000007f07647628  x21  0000007f07647530  x22  0000005585b999da  x23  00000000ffffffff
07-08 14:58:27.717  3780  3780 F DEBUG   :     x24  0000007f07647bc8  x25  0000000000000000  x26  0000007ef81e4604  x27  00000000fffffff8
07-08 14:58:27.717  3780  3780 F DEBUG   :     x28  0000007f07647570  x29  0000007f076473a0  x30  0000007f69e3b7bc
07-08 14:58:27.718  3780  3780 F DEBUG   :     sp   0000007f076473a0  pc   0000007f69df8bf4  pstate 0000000060000000
07-08 14:58:27.728  3780  3780 F DEBUG   : 
07-08 14:58:27.728  3780  3780 F DEBUG   : backtrace:
07-08 14:58:27.729  3780  3780 F DEBUG   :     #00 pc 000000000001abf4  /system/lib64/libc.so (strlen+16)
07-08 14:58:27.729  3780  3780 F DEBUG   :     #01 pc 000000000005d7b8  /system/lib64/libc.so (__vfprintf+8896)
07-08 14:58:27.730  3780  3780 F DEBUG   :     #02 pc 0000000000075cd4  /system/lib64/libc.so (snprintf+336)
07-08 14:58:27.730  3780  3780 F DEBUG   :     #03 pc 000000000005d124  /system/bin/netmgrd
07-08 14:58:27.731  3780  3780 F DEBUG   :     #04 pc 000000000005cd60  /system/bin/netmgrd
07-08 14:58:27.731  3780  3780 F DEBUG   :     #05 pc 000000000005d858  /system/bin/netmgrd
07-08 14:58:27.732  3780  3780 F DEBUG   :     #06 pc 000000000005dad8  /system/bin/netmgrd
07-08 14:58:27.732  3780  3780 F DEBUG   :     #07 pc 0000000000059b74  /system/bin/netmgrd
07-08 14:58:27.733  3780  3780 F DEBUG   :     #08 pc 0000000000059ba4  /system/bin/netmgrd
07-08 14:58:27.733  3780  3780 F DEBUG   :     #09 pc 00000000000595f8  /system/bin/netmgrd
07-08 14:58:27.734  3780  3780 F DEBUG   :     #10 pc 000000000002dea0  /system/bin/netmgrd
07-08 14:58:27.734  3780  3780 F DEBUG   :     #11 pc 0000000000037d38  /system/bin/netmgrd
07-08 14:58:27.735  3780  3780 F DEBUG   :     #12 pc 000000000003ecc0  /system/bin/netmgrd
07-08 14:58:27.735  3780  3780 F DEBUG   :     #13 pc 00000000000486c4  /system/bin/netmgrd
07-08 14:58:27.736  3780  3780 F DEBUG   :     #14 pc 000000000000b760  /vendor/lib64/libdsutils.so (stm2_process_input+492)
07-08 14:58:27.936  3780  3780 F DEBUG   : 
07-08 14:58:27.936  3780  3780 F DEBUG   : Tombstone written to: /data/tombstones/tombstone_08
[...]
07-08 17:03:51.614 26691 26745 F libc    : Fatal signal 11 (SIGSEGV), code 1, fault addr 0x7f12d1d000 in tid 26745 (netmgrd)
07-08 17:03:51.720  3780  3780 F DEBUG   : *** *** *** *** *** *** *** *** *** *** *** *** *** *** *** ***
07-08 17:03:51.721  4679  6832 W NativeCrashListener: Couldn't find ProcessRecord for pid 26691
07-08 17:03:51.722  3780  3780 F DEBUG   : Build fingerprint: 'Android/aosp_bullhead/bullhead:6.0.1/MTC19Z/2016.07.07.02.16.02:user/release-keys'
07-08 17:03:51.722  3780  3780 F DEBUG   : Revision: 'rev_1.0'
07-08 17:03:51.723  3780  3780 F DEBUG   : ABI: 'arm64'
07-08 17:03:51.723  3780  3780 F DEBUG   : pid: 26691, tid: 26745, name: netmgrd  >>> /system/bin/netmgrd <<<
07-08 17:03:51.724  3780  3780 F DEBUG   : signal 11 (SIGSEGV), code 1 (SEGV_MAPERR), fault addr 0x7f12d1d000
07-08 17:03:51.729  3780  3780 F DEBUG   :     x0   0000007f12d1c604  x1   0000007f12d1d000  x2   dfdfdfdfdfdfdfdf  x3   dfdfdfdfdfdfdfdf
07-08 17:03:51.730  3780  3780 F DEBUG   :     x4   dfdfdfdfffffffff  x5   0000000000000000  x6   0000000000000000  x7   dededededededede
07-08 17:03:51.730  3780  3780 F DEBUG   :     x8   ffffffffffffffff  x9   dededededededede  x10  ffffffffffffffff  x11  0101010101010101
07-08 17:03:51.731  3780  3780 F DEBUG   :     x12  0000007f21e7a687  x13  0000000000000061  x14  000000007fffff9e  x15  0000000000000000
07-08 17:03:51.731  3780  3780 F DEBUG   :     x16  0000007f55c32d10  x17  0000007f55ba2be4  x18  0000007f21e7a710  x19  0000007f21e7a694
07-08 17:03:51.732  3780  3780 F DEBUG   :     x20  0000007f21e7a798  x21  0000007f21e7a6a0  x22  0000005555f1a9da  x23  00000000ffffffff
07-08 17:03:51.732  3780  3780 F DEBUG   :     x24  0000007f21e7ad38  x25  0000000000000000  x26  0000007f12d1c604  x27  00000000fffffff8
07-08 17:03:51.733  3780  3780 F DEBUG   :     x28  0000007f21e7a6e0  x29  0000007f21e7a510  x30  0000007f55be57bc
07-08 17:03:51.734  3780  3780 F DEBUG   :     sp   0000007f21e7a510  pc   0000007f55ba2bf4  pstate 0000000060000000
07-08 17:03:51.749  3780  3780 F DEBUG   : 
07-08 17:03:51.749  3780  3780 F DEBUG   : backtrace:
07-08 17:03:51.750  3780  3780 F DEBUG   :     #00 pc 000000000001abf4  /system/lib64/libc.so (strlen+16)
07-08 17:03:51.751  3780  3780 F DEBUG   :     #01 pc 000000000005d7b8  /system/lib64/libc.so (__vfprintf+8896)
07-08 17:03:51.751  3780  3780 F DEBUG   :     #02 pc 0000000000075cd4  /system/lib64/libc.so (snprintf+336)
07-08 17:03:51.752  3780  3780 F DEBUG   :     #03 pc 000000000005d124  /system/bin/netmgrd
07-08 17:03:51.752  3780  3780 F DEBUG   :     #04 pc 000000000005cd60  /system/bin/netmgrd
07-08 17:03:51.752  3780  3780 F DEBUG   :     #05 pc 000000000005d858  /system/bin/netmgrd
07-08 17:03:51.753  3780  3780 F DEBUG   :     #06 pc 000000000005dad8  /system/bin/netmgrd
07-08 17:03:51.753  3780  3780 F DEBUG   :     #07 pc 0000000000059b74  /system/bin/netmgrd
07-08 17:03:51.754  3780  3780 F DEBUG   :     #08 pc 0000000000059ba4  /system/bin/netmgrd
07-08 17:03:51.754  3780  3780 F DEBUG   :     #09 pc 00000000000595f8  /system/bin/netmgrd
07-08 17:03:51.754  3780  3780 F DEBUG   :     #10 pc 000000000002dea0  /system/bin/netmgrd
07-08 17:03:51.755  3780  3780 F DEBUG   :     #11 pc 0000000000037d38  /system/bin/netmgrd
07-08 17:03:51.755  3780  3780 F DEBUG   :     #12 pc 000000000003ecc0  /system/bin/netmgrd
07-08 17:03:51.755  3780  3780 F DEBUG   :     #13 pc 00000000000486c4  /system/bin/netmgrd
07-08 17:03:51.756  3780  3780 F DEBUG   :     #14 pc 000000000000b760  /vendor/lib64/libdsutils.so (stm2_process_input+492)
07-08 17:03:51.914  3780  3780 F DEBUG   : 
07-08 17:03:51.914  3780  3780 F DEBUG   : Tombstone written to: /data/tombstones/tombstone_09
[...]
07-08 17:04:13.431   654   725 F libc    : Fatal signal 11 (SIGSEGV), code 1, fault addr 0x7f2017e000 in tid 725 (netmgrd)
07-08 17:04:13.534  3780  3780 F DEBUG   : *** *** *** *** *** *** *** *** *** *** *** *** *** *** *** ***
07-08 17:04:13.536  4679  6832 W NativeCrashListener: Couldn't find ProcessRecord for pid 654
07-08 17:04:13.537  3780  3780 F DEBUG   : Build fingerprint: 'Android/aosp_bullhead/bullhead:6.0.1/MTC19Z/2016.07.07.02.16.02:user/release-keys'
07-08 17:04:13.539  3780  3780 F DEBUG   : Revision: 'rev_1.0'
07-08 17:04:13.541  3780  3780 F DEBUG   : ABI: 'arm64'
07-08 17:04:13.542  3780  3780 F DEBUG   : pid: 654, tid: 725, name: netmgrd  >>> /system/bin/netmgrd <<<
07-08 17:04:13.544  3780  3780 F DEBUG   : signal 11 (SIGSEGV), code 1 (SEGV_MAPERR), fault addr 0x7f2017e000
07-08 17:04:13.559  3780  3780 F DEBUG   :     x0   0000007f2017d604  x1   0000007f2017e000  x2   dfdfdfdfdfdfdfdf  x3   dfdfdfdfdfdfdfdf
07-08 17:04:13.560  3780  3780 F DEBUG   :     x4   dfdfdfdfffffffff  x5   0000000000000000  x6   0000000000000000  x7   dededededededede
07-08 17:04:13.561  3780  3780 F DEBUG   :     x8   ffffffffffffffff  x9   dededededededede  x10  ffffffffffffffff  x11  0101010101010101
07-08 17:04:13.562  3780  3780 F DEBUG   :     x12  0000007f2fd464e7  x13  0000000000000061  x14  000000007fffff9e  x15  0000000000000000
07-08 17:04:13.563  3780  3780 F DEBUG   :     x16  0000007f56450d10  x17  0000007f563c0be4  x18  0000007f2fd46570  x19  0000007f2fd464f4
07-08 17:04:13.564  3780  3780 F DEBUG   :     x20  0000007f2fd465f8  x21  0000007f2fd46500  x22  00000055559f19da  x23  00000000ffffffff
07-08 17:04:13.565  3780  3780 F DEBUG   :     x24  0000007f2fd46b98  x25  0000000000000000  x26  0000007f2017d604  x27  00000000fffffff8
07-08 17:04:13.567  3780  3780 F DEBUG   :     x28  0000007f2fd46540  x29  0000007f2fd46370  x30  0000007f564037bc
07-08 17:04:13.568  3780  3780 F DEBUG   :     sp   0000007f2fd46370  pc   0000007f563c0bf4  pstate 0000000060000000
07-08 17:04:13.579  3780  3780 F DEBUG   : 
07-08 17:04:13.579  3780  3780 F DEBUG   : backtrace:
07-08 17:04:13.580  3780  3780 F DEBUG   :     #00 pc 000000000001abf4  /system/lib64/libc.so (strlen+16)
07-08 17:04:13.581  3780  3780 F DEBUG   :     #01 pc 000000000005d7b8  /system/lib64/libc.so (__vfprintf+8896)
07-08 17:04:13.582  3780  3780 F DEBUG   :     #02 pc 0000000000075cd4  /system/lib64/libc.so (snprintf+336)
07-08 17:04:13.583  3780  3780 F DEBUG   :     #03 pc 000000000005d124  /system/bin/netmgrd
07-08 17:04:13.584  3780  3780 F DEBUG   :     #04 pc 000000000005cd60  /system/bin/netmgrd
07-08 17:04:13.585  3780  3780 F DEBUG   :     #05 pc 000000000005d858  /system/bin/netmgrd
07-08 17:04:13.586  3780  3780 F DEBUG   :     #06 pc 000000000005dad8  /system/bin/netmgrd
07-08 17:04:13.587  3780  3780 F DEBUG   :     #07 pc 0000000000059b74  /system/bin/netmgrd
07-08 17:04:13.588  3780  3780 F DEBUG   :     #08 pc 0000000000059ba4  /system/bin/netmgrd
07-08 17:04:13.589  3780  3780 F DEBUG   :     #09 pc 00000000000595f8  /system/bin/netmgrd
07-08 17:04:13.589  3780  3780 F DEBUG   :     #10 pc 000000000002dea0  /system/bin/netmgrd
07-08 17:04:13.590  3780  3780 F DEBUG   :     #11 pc 0000000000037d38  /system/bin/netmgrd
07-08 17:04:13.591  3780  3780 F DEBUG   :     #12 pc 000000000003ecc0  /system/bin/netmgrd
07-08 17:04:13.591  3780  3780 F DEBUG   :     #13 pc 00000000000486c4  /system/bin/netmgrd
07-08 17:04:13.592  3780  3780 F DEBUG   :     #14 pc 000000000000b760  /vendor/lib64/libdsutils.so (stm2_process_input+492)
07-08 17:04:13.777  3780  3780 F DEBUG   : 
07-08 17:04:13.777  3780  3780 F DEBUG   : Tombstone written to: /data/tombstones/tombstone_00
07-08 17:04:15.661  4679  6687 D ConnectivityService: setProvNotificationVisibleIntent null visible=false networkType=MOBILE extraInfo=null highPriority=false
07-08 17:04:18.653  4679  6687 D ConnectivityService: handlePromptUnvalidated 109
07-08 17:04:43.340  4679  5028 W ProcessCpuTracker: Skipping unknown process pid 5357
07-08 17:05:09.780  2769  2813 F libc    : Fatal signal 11 (SIGSEGV), code 1, fault addr 0x7ecb684000 in tid 2813 (netmgrd)
07-08 17:05:09.887  3780  3780 F DEBUG   : *** *** *** *** *** *** *** *** *** *** *** *** *** *** *** ***
07-08 17:05:09.888  3780  3780 F DEBUG   : Build fingerprint: 'Android/aosp_bullhead/bullhead:6.0.1/MTC19Z/2016.07.07.02.16.02:user/release-keys'
07-08 17:05:09.890  3780  3780 F DEBUG   : Revision: 'rev_1.0'
07-08 17:05:09.891  3780  3780 F DEBUG   : ABI: 'arm64'
07-08 17:05:09.893  4679  6832 W NativeCrashListener: Couldn't find ProcessRecord for pid 2769
07-08 17:05:09.896  3780  3780 F DEBUG   : pid: 2769, tid: 2813, name: netmgrd  >>> /system/bin/netmgrd <<<
07-08 17:05:09.898  3780  3780 F DEBUG   : signal 11 (SIGSEGV), code 1 (SEGV_MAPERR), fault addr 0x7ecb684000
07-08 17:05:09.917  3780  3780 F DEBUG   :     x0   0000007ecb683974  x1   0000007ecb684000  x2   dfdfdfdfdfdfdfdf  x3   dfdfdfdfdfdfdfdf
07-08 17:05:09.918  3780  3780 F DEBUG   :     x4   dfdfdfdfffffffff  x5   0000000000000000  x6   0000000000000000  x7   dededededededede
07-08 17:05:09.919  3780  3780 F DEBUG   :     x8   ffffffffffffffff  x9   dededededededede  x10  ffffffffffffffff  x11  0101010101010101
07-08 17:05:09.921  3780  3780 F DEBUG   :     x12  0000007edafb05e7  x13  0000000000000061  x14  000000007fffff9e  x15  0000000000000000
07-08 17:05:09.922  3780  3780 F DEBUG   :     x16  0000007f5d532d10  x17  0000007f5d4a2be4  x18  0000007edafb0670  x19  0000007edafb05f4
07-08 17:05:09.925  3780  3780 F DEBUG   :     x20  0000007edafb06f8  x21  0000007edafb0600  x22  000000557ae009da  x23  00000000ffffffff
07-08 17:05:09.926  3780  3780 F DEBUG   :     x24  0000007edafb0c98  x25  0000000000000000  x26  0000007ecb683974  x27  00000000fffffff8
07-08 17:05:09.927  3780  3780 F DEBUG   :     x28  0000007edafb0640  x29  0000007edafb0470  x30  0000007f5d4e57bc
07-08 17:05:09.928  3780  3780 F DEBUG   :     sp   0000007edafb0470  pc   0000007f5d4a2bf4  pstate 0000000060000000
07-08 17:05:09.939  3780  3780 F DEBUG   : 
07-08 17:05:09.939  3780  3780 F DEBUG   : backtrace:
07-08 17:05:09.940  3780  3780 F DEBUG   :     #00 pc 000000000001abf4  /system/lib64/libc.so (strlen+16)
07-08 17:05:09.941  3780  3780 F DEBUG   :     #01 pc 000000000005d7b8  /system/lib64/libc.so (__vfprintf+8896)
07-08 17:05:09.941  3780  3780 F DEBUG   :     #02 pc 0000000000075cd4  /system/lib64/libc.so (snprintf+336)
07-08 17:05:09.942  3780  3780 F DEBUG   :     #03 pc 000000000005d124  /system/bin/netmgrd
07-08 17:05:09.944  3780  3780 F DEBUG   :     #04 pc 000000000005cd60  /system/bin/netmgrd
07-08 17:05:09.945  3780  3780 F DEBUG   :     #05 pc 000000000005d858  /system/bin/netmgrd
07-08 17:05:09.947  3780  3780 F DEBUG   :     #06 pc 000000000005dad8  /system/bin/netmgrd
07-08 17:05:09.947  3780  3780 F DEBUG   :     #07 pc 0000000000059b74  /system/bin/netmgrd
07-08 17:05:09.948  3780  3780 F DEBUG   :     #08 pc 0000000000059ba4  /system/bin/netmgrd
07-08 17:05:09.949  3780  3780 F DEBUG   :     #09 pc 00000000000595f8  /system/bin/netmgrd
07-08 17:05:09.949  3780  3780 F DEBUG   :     #10 pc 000000000002dea0  /system/bin/netmgrd
07-08 17:05:09.950  3780  3780 F DEBUG   :     #11 pc 0000000000037d38  /system/bin/netmgrd
07-08 17:05:09.951  3780  3780 F DEBUG   :     #12 pc 000000000003ecc0  /system/bin/netmgrd
07-08 17:05:09.951  3780  3780 F DEBUG   :     #13 pc 00000000000486c4  /system/bin/netmgrd
07-08 17:05:09.952  3780  3780 F DEBUG   :     #14 pc 000000000000b760  /vendor/lib64/libdsutils.so (stm2_process_input+492)
07-08 17:05:10.206  3780  3780 F DEBUG   : 
07-08 17:05:10.206  3780  3780 F DEBUG   : Tombstone written to: /data/tombstones/tombstone_01
07-08 17:05:32.571  7939  7996 F libc    : Fatal signal 11 (SIGSEGV), code 1, fault addr 0x7ed0b2a000 in tid 7996 (netmgrd)
07-08 17:05:32.675  3780  3780 F DEBUG   : *** *** *** *** *** *** *** *** *** *** *** *** *** *** *** ***
07-08 17:05:32.676  4679  6832 W NativeCrashListener: Couldn't find ProcessRecord for pid 7939
07-08 17:05:32.676  3780  3780 F DEBUG   : Build fingerprint: 'Android/aosp_bullhead/bullhead:6.0.1/MTC19Z/2016.07.07.02.16.02:user/release-keys'
07-08 17:05:32.678  3780  3780 F DEBUG   : Revision: 'rev_1.0'
07-08 17:05:32.678  3780  3780 F DEBUG   : ABI: 'arm64'
07-08 17:05:32.679  3780  3780 F DEBUG   : pid: 7939, tid: 7996, name: netmgrd  >>> /system/bin/netmgrd <<<
07-08 17:05:32.680  3780  3780 F DEBUG   : signal 11 (SIGSEGV), code 1 (SEGV_MAPERR), fault addr 0x7ed0b2a000
07-08 17:05:32.692  3780  3780 F DEBUG   :     x0   0000007ed0b29604  x1   0000007ed0b2a000  x2   dfdfdfdfdfdfdfdf  x3   dfdfdfdfdfdfdfdf
07-08 17:05:32.692  3780  3780 F DEBUG   :     x4   dfdfdfdfffffffff  x5   0000000000000000  x6   0000000000000000  x7   dededededededede
07-08 17:05:32.693  3780  3780 F DEBUG   :     x8   ffffffffffffffff  x9   dededededededede  x10  ffffffffffffffff  x11  0101010101010101
07-08 17:05:32.694  3780  3780 F DEBUG   :     x12  0000007ed3127f17  x13  0000000000000061  x14  000000007fffff9e  x15  0000000000000000
07-08 17:05:32.694  3780  3780 F DEBUG   :     x16  0000007f63850d10  x17  0000007f637c0be4  x18  0000007ed3127fa0  x19  0000007ed3127f24
07-08 17:05:32.695  3780  3780 F DEBUG   :     x20  0000007ed3128028  x21  0000007ed3127f30  x22  00000055572f49da  x23  00000000ffffffff
07-08 17:05:32.695  3780  3780 F DEBUG   :     x24  0000007ed31285c8  x25  0000000000000000  x26  0000007ed0b29604  x27  00000000fffffff8
07-08 17:05:32.696  3780  3780 F DEBUG   :     x28  0000007ed3127f70  x29  0000007ed3127da0  x30  0000007f638037bc
07-08 17:05:32.697  3780  3780 F DEBUG   :     sp   0000007ed3127da0  pc   0000007f637c0bf4  pstate 0000000060000000
07-08 17:05:32.704  3780  3780 F DEBUG   : 
07-08 17:05:32.704  3780  3780 F DEBUG   : backtrace:
07-08 17:05:32.705  3780  3780 F DEBUG   :     #00 pc 000000000001abf4  /system/lib64/libc.so (strlen+16)
07-08 17:05:32.705  3780  3780 F DEBUG   :     #01 pc 000000000005d7b8  /system/lib64/libc.so (__vfprintf+8896)
07-08 17:05:32.706  3780  3780 F DEBUG   :     #02 pc 0000000000075cd4  /system/lib64/libc.so (snprintf+336)
07-08 17:05:32.707  3780  3780 F DEBUG   :     #03 pc 000000000005d124  /system/bin/netmgrd
07-08 17:05:32.708  3780  3780 F DEBUG   :     #04 pc 000000000005cd60  /system/bin/netmgrd
07-08 17:05:32.708  3780  3780 F DEBUG   :     #05 pc 000000000005d858  /system/bin/netmgrd
07-08 17:05:32.709  3780  3780 F DEBUG   :     #06 pc 000000000005dad8  /system/bin/netmgrd
07-08 17:05:32.709  3780  3780 F DEBUG   :     #07 pc 0000000000059b74  /system/bin/netmgrd
07-08 17:05:32.710  3780  3780 F DEBUG   :     #08 pc 0000000000059ba4  /system/bin/netmgrd
07-08 17:05:32.710  3780  3780 F DEBUG   :     #09 pc 00000000000595f8  /system/bin/netmgrd
07-08 17:05:32.711  3780  3780 F DEBUG   :     #10 pc 000000000002dea0  /system/bin/netmgrd
07-08 17:05:32.711  3780  3780 F DEBUG   :     #11 pc 0000000000037d38  /system/bin/netmgrd
07-08 17:05:32.711  3780  3780 F DEBUG   :     #12 pc 000000000003ecc0  /system/bin/netmgrd
07-08 17:05:32.712  3780  3780 F DEBUG   :     #13 pc 00000000000486c4  /system/bin/netmgrd
07-08 17:05:32.712  3780  3780 F DEBUG   :     #14 pc 000000000000b760  /vendor/lib64/libdsutils.so (stm2_process_input+492)
07-08 17:05:32.924  3780  3780 F DEBUG   : 
07-08 17:05:32.924  3780  3780 F DEBUG   : Tombstone written to: /data/tombstones/tombstone_02
07-08 17:05:49.787 10014 10063 F libc    : Fatal signal 11 (SIGSEGV), code 1, fault addr 0x7e94402000 in tid 10063 (netmgrd)
07-08 17:05:49.894  3780  3780 F DEBUG   : *** *** *** *** *** *** *** *** *** *** *** *** *** *** *** ***
07-08 17:05:49.895  3780  3780 F DEBUG   : Build fingerprint: 'Android/aosp_bullhead/bullhead:6.0.1/MTC19Z/2016.07.07.02.16.02:user/release-keys'
07-08 17:05:49.896  3780  3780 F DEBUG   : Revision: 'rev_1.0'
07-08 17:05:49.897  4679  6832 W NativeCrashListener: Couldn't find ProcessRecord for pid 10014
07-08 17:05:49.898  3780  3780 F DEBUG   : ABI: 'arm64'
07-08 17:05:49.901  3780  3780 F DEBUG   : pid: 10014, tid: 10063, name: netmgrd  >>> /system/bin/netmgrd <<<
07-08 17:05:49.902  3780  3780 F DEBUG   : signal 11 (SIGSEGV), code 1 (SEGV_MAPERR), fault addr 0x7e94402000
07-08 17:05:49.914  3780  3780 F DEBUG   :     x0   0000007e94401604  x1   0000007e94402000  x2   dfdfdfdfdfdfdfdf  x3   dfdfdfdfdfdfdfdf
07-08 17:05:49.915  3780  3780 F DEBUG   :     x4   dfdfdfdfffffffff  x5   0000000000000000  x6   0000000000000000  x7   dededededededede
07-08 17:05:49.916  3780  3780 F DEBUG   :     x8   ffffffffffffffff  x9   dededededededede  x10  ffffffffffffffff  x11  0101010101010101
07-08 17:05:49.917  3780  3780 F DEBUG   :     x12  0000007e97cc3857  x13  0000000000000061  x14  000000007fffff9e  x15  0000000000000000
07-08 17:05:49.917  3780  3780 F DEBUG   :     x16  0000007f46384d10  x17  0000007f462f4be4  x18  0000007e97cc38e0  x19  0000007e97cc3864
07-08 17:05:49.918  3780  3780 F DEBUG   :     x20  0000007e97cc3968  x21  0000007e97cc3870  x22  00000055890fb9da  x23  00000000ffffffff
07-08 17:05:49.918  3780  3780 F DEBUG   :     x24  0000007e97cc3f08  x25  0000000000000000  x26  0000007e94401604  x27  00000000fffffff8
07-08 17:05:49.919  3780  3780 F DEBUG   :     x28  0000007e97cc38b0  x29  0000007e97cc36e0  x30  0000007f463377bc
07-08 17:05:49.920  3780  3780 F DEBUG   :     sp   0000007e97cc36e0  pc   0000007f462f4bf4  pstate 0000000060000000
07-08 17:05:49.928  3780  3780 F DEBUG   : 
07-08 17:05:49.928  3780  3780 F DEBUG   : backtrace:
07-08 17:05:49.929  3780  3780 F DEBUG   :     #00 pc 000000000001abf4  /system/lib64/libc.so (strlen+16)
07-08 17:05:49.930  3780  3780 F DEBUG   :     #01 pc 000000000005d7b8  /system/lib64/libc.so (__vfprintf+8896)
07-08 17:05:49.930  3780  3780 F DEBUG   :     #02 pc 0000000000075cd4  /system/lib64/libc.so (snprintf+336)
07-08 17:05:49.931  3780  3780 F DEBUG   :     #03 pc 000000000005d124  /system/bin/netmgrd
07-08 17:05:49.931  3780  3780 F DEBUG   :     #04 pc 000000000005cd60  /system/bin/netmgrd
07-08 17:05:49.932  3780  3780 F DEBUG   :     #05 pc 000000000005d858  /system/bin/netmgrd
07-08 17:05:49.932  3780  3780 F DEBUG   :     #06 pc 000000000005dad8  /system/bin/netmgrd
07-08 17:05:49.933  3780  3780 F DEBUG   :     #07 pc 0000000000059b74  /system/bin/netmgrd
07-08 17:05:49.933  3780  3780 F DEBUG   :     #08 pc 0000000000059ba4  /system/bin/netmgrd
07-08 17:05:49.934  3780  3780 F DEBUG   :     #09 pc 00000000000595f8  /system/bin/netmgrd
07-08 17:05:49.934  3780  3780 F DEBUG   :     #10 pc 000000000002dea0  /system/bin/netmgrd
07-08 17:05:49.935  3780  3780 F DEBUG   :     #11 pc 0000000000037d38  /system/bin/netmgrd
07-08 17:05:49.935  3780  3780 F DEBUG   :     #12 pc 000000000003ecc0  /system/bin/netmgrd
07-08 17:05:49.936  3780  3780 F DEBUG   :     #13 pc 00000000000486c4  /system/bin/netmgrd
07-08 17:05:49.936  3780  3780 F DEBUG   :     #14 pc 000000000000b760  /vendor/lib64/libdsutils.so (stm2_process_input+492)
07-08 17:05:50.149  3780  3780 F DEBUG   : 
07-08 17:05:50.149  3780  3780 F DEBUG   : Tombstone written to: /data/tombstones/tombstone_03
07-08 17:06:06.512 11606 11659 F libc    : Fatal signal 11 (SIGSEGV), code 2, fault addr 0x7ee6a41000 in tid 11659 (netmgrd)
07-08 17:06:06.616  3780  3780 F DEBUG   : *** *** *** *** *** *** *** *** *** *** *** *** *** *** *** ***
07-08 17:06:06.617  4679  6832 W NativeCrashListener: Couldn't find ProcessRecord for pid 11606
07-08 17:06:06.619  3780  3780 F DEBUG   : Build fingerprint: 'Android/aosp_bullhead/bullhead:6.0.1/MTC19Z/2016.07.07.02.16.02:user/release-keys'
07-08 17:06:06.620  3780  3780 F DEBUG   : Revision: 'rev_1.0'
07-08 17:06:06.621  3780  3780 F DEBUG   : ABI: 'arm64'
07-08 17:06:06.621  3780  3780 F DEBUG   : pid: 11606, tid: 11659, name: netmgrd  >>> /system/bin/netmgrd <<<
07-08 17:06:06.622  3780  3780 F DEBUG   : signal 11 (SIGSEGV), code 2 (SEGV_ACCERR), fault addr 0x7ee6a41000
07-08 17:06:06.632  3780  3780 F DEBUG   :     x0   0000007ee6a40604  x1   0000007ee6a41000  x2   dfdfdfdfdfdfdfdf  x3   dfdfdfdfdfdfdfdf
07-08 17:06:06.633  3780  3780 F DEBUG   :     x4   dfdfdfdfffffffff  x5   0000000000000000  x6   0000000000000000  x7   dededededededede
07-08 17:06:06.634  3780  3780 F DEBUG   :     x8   ffffffffffffffff  x9   dededededededede  x10  ffffffffffffffff  x11  0101010101010101
07-08 17:06:06.635  3780  3780 F DEBUG   :     x12  0000007ee86c4ad7  x13  0000000000000061  x14  000000007fffff9e  x15  0000000000000000
07-08 17:06:06.635  3780  3780 F DEBUG   :     x16  0000007f72f1ad10  x17  0000007f72e8abe4  x18  0000007ee86c4b60  x19  0000007ee86c4ae4
07-08 17:06:06.637  3780  3780 F DEBUG   :     x20  0000007ee86c4be8  x21  0000007ee86c4af0  x22  000000557a7ff9da  x23  00000000ffffffff
07-08 17:06:06.637  3780  3780 F DEBUG   :     x24  0000007ee86c5188  x25  0000000000000000  x26  0000007ee6a40604  x27  00000000fffffff8
07-08 17:06:06.638  3780  3780 F DEBUG   :     x28  0000007ee86c4b30  x29  0000007ee86c4960  x30  0000007f72ecd7bc
07-08 17:06:06.639  3780  3780 F DEBUG   :     sp   0000007ee86c4960  pc   0000007f72e8abf4  pstate 0000000060000000
07-08 17:06:06.645  3780  3780 F DEBUG   : 
07-08 17:06:06.645  3780  3780 F DEBUG   : backtrace:
07-08 17:06:06.646  3780  3780 F DEBUG   :     #00 pc 000000000001abf4  /system/lib64/libc.so (strlen+16)
07-08 17:06:06.647  3780  3780 F DEBUG   :     #01 pc 000000000005d7b8  /system/lib64/libc.so (__vfprintf+8896)
07-08 17:06:06.648  3780  3780 F DEBUG   :     #02 pc 0000000000075cd4  /system/lib64/libc.so (snprintf+336)
07-08 17:06:06.648  3780  3780 F DEBUG   :     #03 pc 000000000005d124  /system/bin/netmgrd
07-08 17:06:06.649  3780  3780 F DEBUG   :     #04 pc 000000000005cd60  /system/bin/netmgrd
07-08 17:06:06.649  3780  3780 F DEBUG   :     #05 pc 000000000005d858  /system/bin/netmgrd
07-08 17:06:06.650  3780  3780 F DEBUG   :     #06 pc 000000000005dad8  /system/bin/netmgrd
07-08 17:06:06.651  3780  3780 F DEBUG   :     #07 pc 0000000000059b74  /system/bin/netmgrd
07-08 17:06:06.652  3780  3780 F DEBUG   :     #08 pc 0000000000059ba4  /system/bin/netmgrd
07-08 17:06:06.652  3780  3780 F DEBUG   :     #09 pc 00000000000595f8  /system/bin/netmgrd
07-08 17:06:06.652  3780  3780 F DEBUG   :     #10 pc 000000000002dea0  /system/bin/netmgrd
07-08 17:06:06.653  3780  3780 F DEBUG   :     #11 pc 0000000000037d38  /system/bin/netmgrd
07-08 17:06:06.654  3780  3780 F DEBUG   :     #12 pc 000000000003ecc0  /system/bin/netmgrd
07-08 17:06:06.654  3780  3780 F DEBUG   :     #13 pc 00000000000486c4  /system/bin/netmgrd
07-08 17:06:06.654  3780  3780 F DEBUG   :     #14 pc 000000000000b760  /vendor/lib64/libdsutils.so (stm2_process_input+492)
07-08 17:06:06.836  3780  3780 F DEBUG   : 
07-08 17:06:06.836  3780  3780 F DEBUG   : Tombstone written to: /data/tombstones/tombstone_04
07-08 17:06:18.536 13134 13186 F libc    : Fatal signal 11 (SIGSEGV), code 2, fault addr 0x7f2faab000 in tid 13186 (netmgrd)
07-08 17:06:18.639  3780  3780 F DEBUG   : *** *** *** *** *** *** *** *** *** *** *** *** *** *** *** ***
07-08 17:06:18.640  3780  3780 F DEBUG   : Build fingerprint: 'Android/aosp_bullhead/bullhead:6.0.1/MTC19Z/2016.07.07.02.16.02:user/release-keys'
07-08 17:06:18.640  3780  3780 F DEBUG   : Revision: 'rev_1.0'
07-08 17:06:18.641  3780  3780 F DEBUG   : ABI: 'arm64'
07-08 17:06:18.641  3780  3780 F DEBUG   : pid: 13134, tid: 13186, name: netmgrd  >>> /system/bin/netmgrd <<<
07-08 17:06:18.642  3780  3780 F DEBUG   : signal 11 (SIGSEGV), code 2 (SEGV_ACCERR), fault addr 0x7f2faab000
07-08 17:06:18.643  4679  6832 W NativeCrashListener: Couldn't find ProcessRecord for pid 13134
07-08 17:06:18.651  3780  3780 F DEBUG   :     x0   0000007f2faaa604  x1   0000007f2faab000  x2   dfdfdfdfdfdfdfdf  x3   dfdfdfdfdfdfdfdf
07-08 17:06:18.652  3780  3780 F DEBUG   :     x4   dfdfdfdfffffffff  x5   0000000000000000  x6   0000000000000000  x7   dededededededede
07-08 17:06:18.653  3780  3780 F DEBUG   :     x8   ffffffffffffffff  x9   dededededededede  x10  ffffffffffffffff  x11  0101010101010101
07-08 17:06:18.654  3780  3780 F DEBUG   :     x12  0000007f31964a67  x13  0000000000000061  x14  000000007fffff9e  x15  0000000000000000
07-08 17:06:18.654  3780  3780 F DEBUG   :     x16  0000007f752ccd10  x17  0000007f7523cbe4  x18  0000007f31964af0  x19  0000007f31964a74
07-08 17:06:18.655  3780  3780 F DEBUG   :     x20  0000007f31964b78  x21  0000007f31964a80  x22  000000556b02d9da  x23  00000000ffffffff
07-08 17:06:18.655  3780  3780 F DEBUG   :     x24  0000007f31965118  x25  0000000000000000  x26  0000007f2faaa604  x27  00000000fffffff8
07-08 17:06:18.656  3780  3780 F DEBUG   :     x28  0000007f31964ac0  x29  0000007f319648f0  x30  0000007f7527f7bc
07-08 17:06:18.656  3780  3780 F DEBUG   :     sp   0000007f319648f0  pc   0000007f7523cbf4  pstate 0000000060000000
07-08 17:06:18.663  3780  3780 F DEBUG   : 
07-08 17:06:18.663  3780  3780 F DEBUG   : backtrace:
07-08 17:06:18.663  3780  3780 F DEBUG   :     #00 pc 000000000001abf4  /system/lib64/libc.so (strlen+16)
07-08 17:06:18.664  3780  3780 F DEBUG   :     #01 pc 000000000005d7b8  /system/lib64/libc.so (__vfprintf+8896)
07-08 17:06:18.664  3780  3780 F DEBUG   :     #02 pc 0000000000075cd4  /system/lib64/libc.so (snprintf+336)
07-08 17:06:18.665  3780  3780 F DEBUG   :     #03 pc 000000000005d124  /system/bin/netmgrd
07-08 17:06:18.666  3780  3780 F DEBUG   :     #04 pc 000000000005cd60  /system/bin/netmgrd
07-08 17:06:18.666  3780  3780 F DEBUG   :     #05 pc 000000000005d858  /system/bin/netmgrd
07-08 17:06:18.667  3780  3780 F DEBUG   :     #06 pc 000000000005dad8  /system/bin/netmgrd
07-08 17:06:18.667  3780  3780 F DEBUG   :     #07 pc 0000000000059b74  /system/bin/netmgrd
07-08 17:06:18.668  3780  3780 F DEBUG   :     #08 pc 0000000000059ba4  /system/bin/netmgrd
07-08 17:06:18.668  3780  3780 F DEBUG   :     #09 pc 00000000000595f8  /system/bin/netmgrd
07-08 17:06:18.669  3780  3780 F DEBUG   :     #10 pc 000000000002dea0  /system/bin/netmgrd
07-08 17:06:18.669  3780  3780 F DEBUG   :     #11 pc 0000000000037d38  /system/bin/netmgrd
07-08 17:06:18.670  3780  3780 F DEBUG   :     #12 pc 000000000003ecc0  /system/bin/netmgrd
07-08 17:06:18.670  3780  3780 F DEBUG   :     #13 pc 00000000000486c4  /system/bin/netmgrd
07-08 17:06:18.671  3780  3780 F DEBUG   :     #14 pc 000000000000b760  /vendor/lib64/libdsutils.so (stm2_process_input+492)
07-08 17:06:18.910  3780  3780 F DEBUG   : 
07-08 17:06:18.910  3780  3780 F DEBUG   : Tombstone written to: /data/tombstones/tombstone_05
07-08 17:06:46.942 14188 14244 F libc    : Fatal signal 11 (SIGSEGV), code 1, fault addr 0x7eeae81000 in tid 14244 (netmgrd)
07-08 17:06:47.047  3780  3780 F DEBUG   : *** *** *** *** *** *** *** *** *** *** *** *** *** *** *** ***
07-08 17:06:47.049  4679  6832 W NativeCrashListener: Couldn't find ProcessRecord for pid 14188
07-08 17:06:47.051  3780  3780 F DEBUG   : Build fingerprint: 'Android/aosp_bullhead/bullhead:6.0.1/MTC19Z/2016.07.07.02.16.02:user/release-keys'
07-08 17:06:47.053  3780  3780 F DEBUG   : Revision: 'rev_1.0'
07-08 17:06:47.055  3780  3780 F DEBUG   : ABI: 'arm64'
07-08 17:06:47.056  3780  3780 F DEBUG   : pid: 14188, tid: 14244, name: netmgrd  >>> /system/bin/netmgrd <<<
07-08 17:06:47.058  3780  3780 F DEBUG   : signal 11 (SIGSEGV), code 1 (SEGV_MAPERR), fault addr 0x7eeae81000
07-08 17:06:47.070  3780  3780 F DEBUG   :     x0   0000007eeae80604  x1   0000007eeae81000  x2   dfdfdfdfdfdfdfdf  x3   dfdfdfdfdfdfdfdf
07-08 17:06:47.071  3780  3780 F DEBUG   :     x4   dfdfdfdfffffffff  x5   0000000000000000  x6   0000000000000000  x7   dededededededede
07-08 17:06:47.071  3780  3780 F DEBUG   :     x8   ffffffffffffffff  x9   dededededededede  x10  ffffffffffffffff  x11  0101010101010101
07-08 17:06:47.072  3780  3780 F DEBUG   :     x12  0000007efaef60a7  x13  0000000000000061  x14  000000007fffff9e  x15  0000000000000000
07-08 17:06:47.072  3780  3780 F DEBUG   :     x16  0000007f3d824d10  x17  0000007f3d794be4  x18  0000007efaef6130  x19  0000007efaef60b4
07-08 17:06:47.073  3780  3780 F DEBUG   :     x20  0000007efaef61b8  x21  0000007efaef60c0  x22  000000556615a9da  x23  00000000ffffffff
07-08 17:06:47.074  3780  3780 F DEBUG   :     x24  0000007efaef6758  x25  0000000000000000  x26  0000007eeae80604  x27  00000000fffffff8
07-08 17:06:47.074  3780  3780 F DEBUG   :     x28  0000007efaef6100  x29  0000007efaef5f30  x30  0000007f3d7d77bc
07-08 17:06:47.075  3780  3780 F DEBUG   :     sp   0000007efaef5f30  pc   0000007f3d794bf4  pstate 0000000060000000
07-08 17:06:47.082  3780  3780 F DEBUG   : 
07-08 17:06:47.082  3780  3780 F DEBUG   : backtrace:
07-08 17:06:47.082  3780  3780 F DEBUG   :     #00 pc 000000000001abf4  /system/lib64/libc.so (strlen+16)
07-08 17:06:47.083  3780  3780 F DEBUG   :     #01 pc 000000000005d7b8  /system/lib64/libc.so (__vfprintf+8896)
07-08 17:06:47.084  3780  3780 F DEBUG   :     #02 pc 0000000000075cd4  /system/lib64/libc.so (snprintf+336)
07-08 17:06:47.084  3780  3780 F DEBUG   :     #03 pc 000000000005d124  /system/bin/netmgrd
07-08 17:06:47.085  3780  3780 F DEBUG   :     #04 pc 000000000005cd60  /system/bin/netmgrd
07-08 17:06:47.085  3780  3780 F DEBUG   :     #05 pc 000000000005d858  /system/bin/netmgrd
07-08 17:06:47.086  3780  3780 F DEBUG   :     #06 pc 000000000005dad8  /system/bin/netmgrd
07-08 17:06:47.087  3780  3780 F DEBUG   :     #07 pc 0000000000059b74  /system/bin/netmgrd
07-08 17:06:47.087  3780  3780 F DEBUG   :     #08 pc 0000000000059ba4  /system/bin/netmgrd
07-08 17:06:47.088  3780  3780 F DEBUG   :     #09 pc 00000000000595f8  /system/bin/netmgrd
07-08 17:06:47.088  3780  3780 F DEBUG   :     #10 pc 000000000002dea0  /system/bin/netmgrd
07-08 17:06:47.089  3780  3780 F DEBUG   :     #11 pc 0000000000037d38  /system/bin/netmgrd
07-08 17:06:47.089  3780  3780 F DEBUG   :     #12 pc 000000000003ecc0  /system/bin/netmgrd
07-08 17:06:47.090  3780  3780 F DEBUG   :     #13 pc 00000000000486c4  /system/bin/netmgrd
07-08 17:06:47.090  3780  3780 F DEBUG   :     #14 pc 000000000000b760  /vendor/lib64/libdsutils.so (stm2_process_input+492)
07-08 17:06:47.326  3780  3780 F DEBUG   : 
07-08 17:06:47.326  3780  3780 F DEBUG   : Tombstone written to: /data/tombstones/tombstone_06
07-08 17:07:03.319 16626 16679 F libc    : Fatal signal 11 (SIGSEGV), code 1, fault addr 0x7ef9914000 in tid 16679 (netmgrd)
07-08 17:07:03.375  3780  3780 F DEBUG   : *** *** *** *** *** *** *** *** *** *** *** *** *** *** *** ***
07-08 17:07:03.376  4679  6832 W NativeCrashListener: Couldn't find ProcessRecord for pid 16626
07-08 17:07:03.378  3780  3780 F DEBUG   : Build fingerprint: 'Android/aosp_bullhead/bullhead:6.0.1/MTC19Z/2016.07.07.02.16.02:user/release-keys'
07-08 17:07:03.381  3780  3780 F DEBUG   : Revision: 'rev_1.0'
07-08 17:07:03.382  3780  3780 F DEBUG   : ABI: 'arm64'
07-08 17:07:03.384  3780  3780 F DEBUG   : pid: 16626, tid: 16679, name: netmgrd  >>> /system/bin/netmgrd <<<
07-08 17:07:03.385  3780  3780 F DEBUG   : signal 11 (SIGSEGV), code 1 (SEGV_MAPERR), fault addr 0x7ef9914000
07-08 17:07:03.401  3780  3780 F DEBUG   :     x0   0000007ef9913604  x1   0000007ef9914000  x2   dfdfdfdfdfdfdfdf  x3   dfdfdfdfdfdfdfdf
07-08 17:07:03.402  3780  3780 F DEBUG   :     x4   dfdfdfdfffffffff  x5   0000000000000000  x6   0000000000000000  x7   dededededededede
07-08 17:07:03.403  3780  3780 F DEBUG   :     x8   ffffffffffffffff  x9   dededededededede  x10  ffffffffffffffff  x11  0101010101010101
07-08 17:07:03.404  3780  3780 F DEBUG   :     x12  0000007f09155a97  x13  0000000000000061  x14  000000007fffff9e  x15  0000000000000000
07-08 17:07:03.405  3780  3780 F DEBUG   :     x16  0000007f716c4d10  x17  0000007f71634be4  x18  0000007f09155b20  x19  0000007f09155aa4
07-08 17:07:03.405  3780  3780 F DEBUG   :     x20  0000007f09155ba8  x21  0000007f09155ab0  x22  00000055761239da  x23  00000000ffffffff
07-08 17:07:03.406  3780  3780 F DEBUG   :     x24  0000007f09156148  x25  0000000000000000  x26  0000007ef9913604  x27  00000000fffffff8
07-08 17:07:03.407  3780  3780 F DEBUG   :     x28  0000007f09155af0  x29  0000007f09155920  x30  0000007f716777bc
07-08 17:07:03.407  3780  3780 F DEBUG   :     sp   0000007f09155920  pc   0000007f71634bf4  pstate 0000000060000000
07-08 17:07:03.415  3780  3780 F DEBUG   : 
07-08 17:07:03.415  3780  3780 F DEBUG   : backtrace:
07-08 17:07:03.416  3780  3780 F DEBUG   :     #00 pc 000000000001abf4  /system/lib64/libc.so (strlen+16)
07-08 17:07:03.417  3780  3780 F DEBUG   :     #01 pc 000000000005d7b8  /system/lib64/libc.so (__vfprintf+8896)
07-08 17:07:03.418  3780  3780 F DEBUG   :     #02 pc 0000000000075cd4  /system/lib64/libc.so (snprintf+336)
07-08 17:07:03.419  3780  3780 F DEBUG   :     #03 pc 000000000005d124  /system/bin/netmgrd
07-08 17:07:03.420  3780  3780 F DEBUG   :     #04 pc 000000000005cd60  /system/bin/netmgrd
07-08 17:07:03.420  3780  3780 F DEBUG   :     #05 pc 000000000005d858  /system/bin/netmgrd
07-08 17:07:03.421  3780  3780 F DEBUG   :     #06 pc 000000000005dad8  /system/bin/netmgrd
07-08 17:07:03.422  3780  3780 F DEBUG   :     #07 pc 0000000000059b74  /system/bin/netmgrd
07-08 17:07:03.422  3780  3780 F DEBUG   :     #08 pc 0000000000059ba4  /system/bin/netmgrd
07-08 17:07:03.423  3780  3780 F DEBUG   :     #09 pc 00000000000595f8  /system/bin/netmgrd
07-08 17:07:03.424  3780  3780 F DEBUG   :     #10 pc 000000000002dea0  /system/bin/netmgrd
07-08 17:07:03.424  3780  3780 F DEBUG   :     #11 pc 0000000000037d38  /system/bin/netmgrd
07-08 17:07:03.425  3780  3780 F DEBUG   :     #12 pc 000000000003ecc0  /system/bin/netmgrd
07-08 17:07:03.426  3780  3780 F DEBUG   :     #13 pc 00000000000486c4  /system/bin/netmgrd
07-08 17:07:03.427  3780  3780 F DEBUG   :     #14 pc 000000000000b760  /vendor/lib64/libdsutils.so (stm2_process_input+492)
07-08 17:07:03.625  3780  3780 F DEBUG   : 
07-08 17:07:03.625  3780  3780 F DEBUG   : Tombstone written to: /data/tombstones/tombstone_07
07-08 17:07:18.618 18009 18060 F libc    : Fatal signal 11 (SIGSEGV), code 1, fault addr 0x7f0eae3000 in tid 18060 (netmgrd)
07-08 17:07:18.725  4679  6832 W NativeCrashListener: Couldn't find ProcessRecord for pid 18009
07-08 17:07:18.727  3780  3780 F DEBUG   : *** *** *** *** *** *** *** *** *** *** *** *** *** *** *** ***
07-08 17:07:18.730  3780  3780 F DEBUG   : Build fingerprint: 'Android/aosp_bullhead/bullhead:6.0.1/MTC19Z/2016.07.07.02.16.02:user/release-keys'
07-08 17:07:18.731  3780  3780 F DEBUG   : Revision: 'rev_1.0'
07-08 17:07:18.733  3780  3780 F DEBUG   : ABI: 'arm64'
07-08 17:07:18.735  3780  3780 F DEBUG   : pid: 18009, tid: 18060, name: netmgrd  >>> /system/bin/netmgrd <<<
07-08 17:07:18.736  3780  3780 F DEBUG   : signal 11 (SIGSEGV), code 1 (SEGV_MAPERR), fault addr 0x7f0eae3000
07-08 17:07:18.757  3780  3780 F DEBUG   :     x0   0000007f0eae2604  x1   0000007f0eae3000  x2   dfdfdfdfdfdfdfdf  x3   dfdfdfdfdfdfdfdf
07-08 17:07:18.759  3780  3780 F DEBUG   :     x4   dfdfdfdfffffffff  x5   0000000000000000  x6   0000000000000000  x7   dededededededede
07-08 17:07:18.762  3780  3780 F DEBUG   :     x8   ffffffffffffffff  x9   dededededededede  x10  ffffffffffffffff  x11  0101010101010101
07-08 17:07:18.763  3780  3780 F DEBUG   :     x12  0000007f10fcd677  x13  0000000000000061  x14  000000007fffff9e  x15  0000000000000000
07-08 17:07:18.764  3780  3780 F DEBUG   :     x16  0000007f39964d10  x17  0000007f398d4be4  x18  0000007f10fcd700  x19  0000007f10fcd684
07-08 17:07:18.765  3780  3780 F DEBUG   :     x20  0000007f10fcd788  x21  0000007f10fcd690  x22  000000559431b9da  x23  00000000ffffffff
07-08 17:07:18.766  3780  3780 F DEBUG   :     x24  0000007f10fcdd28  x25  0000000000000000  x26  0000007f0eae2604  x27  00000000fffffff8
07-08 17:07:18.767  3780  3780 F DEBUG   :     x28  0000007f10fcd6d0  x29  0000007f10fcd500  x30  0000007f399177bc
07-08 17:07:18.768  3780  3780 F DEBUG   :     sp   0000007f10fcd500  pc   0000007f398d4bf4  pstate 0000000060000000
07-08 17:07:18.780  3780  3780 F DEBUG   : 
07-08 17:07:18.780  3780  3780 F DEBUG   : backtrace:
07-08 17:07:18.784  3780  3780 F DEBUG   :     #00 pc 000000000001abf4  /system/lib64/libc.so (strlen+16)
07-08 17:07:18.785  3780  3780 F DEBUG   :     #01 pc 000000000005d7b8  /system/lib64/libc.so (__vfprintf+8896)
07-08 17:07:18.786  3780  3780 F DEBUG   :     #02 pc 0000000000075cd4  /system/lib64/libc.so (snprintf+336)
07-08 17:07:18.787  3780  3780 F DEBUG   :     #03 pc 000000000005d124  /system/bin/netmgrd
07-08 17:07:18.787  3780  3780 F DEBUG   :     #04 pc 000000000005cd60  /system/bin/netmgrd
07-08 17:07:18.788  3780  3780 F DEBUG   :     #05 pc 000000000005d858  /system/bin/netmgrd
07-08 17:07:18.789  3780  3780 F DEBUG   :     #06 pc 000000000005dad8  /system/bin/netmgrd
07-08 17:07:18.790  3780  3780 F DEBUG   :     #07 pc 0000000000059b74  /system/bin/netmgrd
07-08 17:07:18.790  3780  3780 F DEBUG   :     #08 pc 0000000000059ba4  /system/bin/netmgrd
07-08 17:07:18.791  3780  3780 F DEBUG   :     #09 pc 00000000000595f8  /system/bin/netmgrd
07-08 17:07:18.792  3780  3780 F DEBUG   :     #10 pc 000000000002dea0  /system/bin/netmgrd
07-08 17:07:18.793  3780  3780 F DEBUG   :     #11 pc 0000000000037d38  /system/bin/netmgrd
07-08 17:07:18.794  3780  3780 F DEBUG   :     #12 pc 000000000003ecc0  /system/bin/netmgrd
07-08 17:07:18.794  3780  3780 F DEBUG   :     #13 pc 00000000000486c4  /system/bin/netmgrd
07-08 17:07:18.795  3780  3780 F DEBUG   :     #14 pc 000000000000b760  /vendor/lib64/libdsutils.so (stm2_process_input+492)
07-08 17:07:19.018  3780  3780 F DEBUG   : 
07-08 17:07:19.018  3780  3780 F DEBUG   : Tombstone written to: /data/tombstones/tombstone_08
[...]
07-08 23:13:37.847  4679  5028 W ProcessCpuTracker: Skipping unknown process pid 23508
07-08 23:13:44.116  3778  4993 D TetherController: Setting IP forward enable = 1
07-08 23:13:44.304  3778  4993 E Netd    : duplicate netId 10
07-08 23:13:44.416  3778  4993 D TetherController: Setting IP forward enable = 0
07-08 23:13:45.339  3778  4993 E Netd    : interface r_rmnet_data0 not assigned to any netId
07-08 23:13:45.429  3778  4993 D TetherController: Setting IP forward enable = 1
07-08 23:13:45.660  3778  4993 E Netd    : duplicate netId 10
07-08 23:13:45.759  3778  4993 D TetherController: Setting IP forward enable = 0
07-08 23:13:46.770  3778  4993 E Netd    : interface r_rmnet_data0 not assigned to any netId
07-08 23:13:46.876  3778  4993 D TetherController: Setting IP forward enable = 1
07-08 23:13:47.108  3778  4993 E Netd    : duplicate netId 10
07-08 23:13:47.224  3778  4993 D TetherController: Setting IP forward enable = 0
07-08 23:13:47.829  3806  3806 E QCALOG  : [MessageQ] ProcessNewMessage: [LOWI-SERVER] unknown deliver target [OS-Agent]
07-08 23:13:47.893  3778  4993 E Netd    : interface r_rmnet_data0 not assigned to any netId
07-08 23:13:47.967  3778  4993 D TetherController: Setting IP forward enable = 1
07-08 23:13:48.129  3778  4993 E Netd    : duplicate netId 10
07-08 23:13:48.286  3778  4993 D TetherController: Setting IP forward enable = 0
07-08 23:13:49.175  3778  4993 E Netd    : interface r_rmnet_data0 not assigned to any netId
07-08 23:13:49.258  3778  4993 D TetherController: Setting IP forward enable = 1
07-08 23:13:49.487  3778  4993 E Netd    : duplicate netId 10
07-08 23:13:49.601  3778  4993 D TetherController: Setting IP forward enable = 0
07-08 23:13:49.690  4679  6685 D WifiStateMachine: L2Connected CMD_START_SCAN source -2 348, 350 -> obsolete
07-08 23:13:50.443  3778  4993 E Netd    : interface r_rmnet_data0 not assigned to any netId
07-08 23:13:50.529  3778  4993 D TetherController: Setting IP forward enable = 1
07-08 23:13:50.717  3778  4993 E Netd    : duplicate netId 10
07-08 23:13:50.846  3778  4993 D TetherController: Setting IP forward enable = 0
07-08 23:13:51.770  3778  4993 E Netd    : interface r_rmnet_data0 not assigned to any netId
07-08 23:13:51.868  3778  4993 D TetherController: Setting IP forward enable = 1
07-08 23:13:52.140  3778  4993 E Netd    : duplicate netId 10
07-08 23:13:52.247  3778  4993 D TetherController: Setting IP forward enable = 0
07-08 23:13:53.028  3778  4993 E Netd    : interface r_rmnet_data0 not assigned to any netId
07-08 23:13:53.130  3778  4993 D TetherController: Setting IP forward enable = 1
07-08 23:13:53.342  3778  4993 E Netd    : duplicate netId 10
07-08 23:13:53.458  3778  4993 D TetherController: Setting IP forward enable = 0
07-08 23:13:54.285  3778  4993 E Netd    : interface r_rmnet_data0 not assigned to any netId
07-08 23:13:54.380  3778  4993 D TetherController: Setting IP forward enable = 1
07-08 23:13:54.607  3778  4993 E Netd    : duplicate netId 10
07-08 23:13:54.719  3778  4993 D TetherController: Setting IP forward enable = 0
07-08 23:13:55.570  3778  4993 E Netd    : interface r_rmnet_data0 not assigned to any netId
07-08 23:13:55.650  3778  4993 D TetherController: Setting IP forward enable = 1
07-08 23:13:55.833  3778  4993 E Netd    : duplicate netId 10
07-08 23:13:55.949  3778  4993 D TetherController: Setting IP forward enable = 0
07-08 23:13:56.860  3778  4993 E Netd    : interface r_rmnet_data0 not assigned to any netId
07-08 23:13:56.938  3778  4993 D TetherController: Setting IP forward enable = 1
07-08 23:13:57.213  3778  4993 E Netd    : duplicate netId 10
07-08 23:13:57.320  3778  4993 D TetherController: Setting IP forward enable = 0
07-08 23:13:58.158  3778  4993 E Netd    : interface r_rmnet_data0 not assigned to any netId
07-08 23:13:58.239  3778  4993 D TetherController: Setting IP forward enable = 1
07-08 23:13:58.555  3778  4993 E Netd    : duplicate netId 10
07-08 23:13:58.672  3778  4993 D TetherController: Setting IP forward enable = 0
07-08 23:13:59.448  3778  4993 E Netd    : interface r_rmnet_data0 not assigned to any netId
07-08 23:13:59.560  3778  4993 D TetherController: Setting IP forward enable = 1
07-08 23:13:59.759  3778  4993 E Netd    : duplicate netId 10
07-08 23:13:59.897  3778  4993 D TetherController: Setting IP forward enable = 0
07-08 23:14:00.700  3778  4993 E Netd    : interface r_rmnet_data0 not assigned to any netId
07-08 23:14:00.778  3778  4993 D TetherController: Setting IP forward enable = 1
07-08 23:14:01.010  3778  4993 E Netd    : duplicate netId 10
07-08 23:14:01.117  3778  4993 D TetherController: Setting IP forward enable = 0
07-08 23:14:02.048  3778  4993 E Netd    : interface r_rmnet_data0 not assigned to any netId
07-08 23:14:02.148  3778  4993 D TetherController: Setting IP forward enable = 1
07-08 23:14:02.429  3778  4993 E Netd    : duplicate netId 10
07-08 23:14:02.535  3778  4993 D TetherController: Setting IP forward enable = 0
07-08 23:14:03.267  3778  4993 E Netd    : interface r_rmnet_data0 not assigned to any netId
07-08 23:14:03.350  3778  4993 D TetherController: Setting IP forward enable = 1
07-08 23:14:03.562  3778  4993 E Netd    : duplicate netId 10
07-08 23:14:03.669  3778  4993 D TetherController: Setting IP forward enable = 0
07-08 23:14:04.529  3778  4993 E Netd    : interface r_rmnet_data0 not assigned to any netId
07-08 23:14:04.607  3778  4993 D TetherController: Setting IP forward enable = 1
07-08 23:14:04.796  3778  4993 E Netd    : duplicate netId 10
07-08 23:14:04.875 30222 30222 W Binder_B: type=1400 audit(0.0:102061): avc: denied { ioctl } for path="socket:[58282]" dev="sockfs" ino=58282 ioctlcmd=7704 scontext=u:r:system_server:s0 tcontext=u:r:system_server:s0 tclass=unix_stream_socket permissive=0
07-08 23:14:04.875 30222 30222 W Binder_B: type=1400 audit(0.0:102062): avc: denied { ioctl } for path="socket:[58282]" dev="sockfs" ino=58282 ioctlcmd=7704 scontext=u:r:system_server:s0 tcontext=u:r:system_server:s0 tclass=unix_stream_socket permissive=0
07-08 23:14:04.875  4679  5035 I PowerManagerService: Going to sleep due to screen timeout (uid 1000)...
07-08 23:14:05.062  3778  4993 D TetherController: Setting IP forward enable = 0
07-08 23:14:05.236  3778  4993 E Netd    : interface r_rmnet_data0 not assigned to any netId
07-08 23:14:05.319  3778  4993 D TetherController: Setting IP forward enable = 1
07-08 23:14:05.422  4679  5035 I sensors : activate
07-08 23:14:05.423  4679  5035 V KeyguardServiceDelegate: onScreenTurnedOff()
07-08 23:14:05.425  4679  6366 I hubconnection: sensorhub said: 'activate 31 enable:0'
07-08 23:14:05.426  4679  5035 I sensors : activate
07-08 23:14:05.427   372   372 D SurfaceFlinger: Set power mode=0, type=0 flinger=0x7f27b0a000
07-08 23:14:05.428   372   372 D qdhwcomposer: hwc_setPowerMode: Setting mode 0 on display: 0
07-08 23:14:05.429  4679  5033 I DisplayManagerService: Display device changed state: "Built-in Screen", OFF
07-08 23:14:05.431  4679  6366 I hubconnection: sensorhub said: 'activate 7 enable:0'
07-08 23:14:05.530  3778  4993 E Netd    : duplicate netId 10
07-08 23:14:05.546   372   577 I qdhwcomposer: handle_blank_event: dpy:0 panel power state: 0
07-08 23:14:05.548   372   372 D qdhwcomposer: hwc_setPowerMode: Done setting mode 0 on display 0
07-08 23:14:05.549  4679  6705 D SurfaceControl: Excessive delay in setPowerMode(): 121ms
07-08 23:14:05.550  4679  5035 I QCOMPowerHAL: Got set_interactive hint
07-08 23:14:05.552  4679  5035 I DreamManagerService: Entering dreamland.
07-08 23:14:05.552  4679  5035 I PowerManagerService: Dozing...
07-08 23:14:05.578  6818  6818 W Binder_6: type=1400 audit(0.0:102063): avc: denied { ioctl } for path="socket:[3117686]" dev="sockfs" ino=3117686 ioctlcmd=7704 scontext=u:r:system_server:s0 tcontext=u:r:system_server:s0 tclass=unix_stream_socket permissive=0
07-08 23:14:05.578  6818  6818 W Binder_6: type=1400 audit(0.0:102064): avc: denied { ioctl } for path="socket:[3117686]" dev="sockfs" ino=3117686 ioctlcmd=7704 scontext=u:r:system_server:s0 tcontext=u:r:system_server:s0 tclass=unix_stream_socket permissive=0
07-08 23:14:05.583  4679 30221 I sensors : batch
07-08 23:14:05.584  4679 30221 I sensors : activate
07-08 23:14:05.589  4679  6366 I hubconnection: sensorhub said: 'batch 21 flags:0, sampling_rate_Hz:1000.00, max_report_latency_us:0'
07-08 23:14:05.590  4679  6685 E native  : do suspend true
07-08 23:14:05.591  3783  6338 D audio_hw_primary: adev_set_parameters: enter: screen_state=off
07-08 23:14:05.592  4679  6366 I hubconnection: sensorhub said: 'activate 21 enable:1'
07-08 23:14:05.649  3778  4993 D TetherController: Setting IP forward enable = 0
07-08 23:14:06.586  3778  4993 E Netd    : interface r_rmnet_data0 not assigned to any netId
