07-08 23:14:06.693  3778  4993 D TetherController: Setting IP forward enable = 1
07-08 23:14:06.934  3778  4993 E Netd    : duplicate netId 10
07-08 23:14:07.040  3778  4993 D TetherController: Setting IP forward enable = 0
07-08 23:14:07.726  3778  4993 E Netd    : interface r_rmnet_data0 not assigned to any netId
07-08 23:14:07.821  3778  4993 D TetherController: Setting IP forward enable = 1
07-08 23:14:08.037  3778  4993 E Netd    : duplicate netId 10
07-08 23:14:08.154  3778  4993 D TetherController: Setting IP forward enable = 0
07-08 23:14:09.036  3778  4993 E Netd    : interface r_rmnet_data0 not assigned to any netId
07-08 23:14:09.119  3778  4993 D TetherController: Setting IP forward enable = 1
07-08 23:14:09.309  3778  4993 E Netd    : duplicate netId 10
07-08 23:14:09.437  3778  4993 D TetherController: Setting IP forward enable = 0
07-08 23:14:10.007  6853  6853 D PhoneStatusBar: disable: < expand ICONS* alerts SYSTEM_INFO* back home recent clock search quick_settings >
07-08 23:14:10.080  6853  6853 D PhoneStatusBar: disable: < expand ICONS alerts SYSTEM_INFO back HOME* RECENT* clock SEARCH* quick_settings >
07-08 23:14:10.100  6853  6853 W PathParser: Points are too far apart 4.030360828967057
07-08 23:14:10.100  6853  6853 W PathParser: Points are too far apart 4.030360538880159
07-08 23:14:10.291  3778  4993 E Netd    : interface r_rmnet_data0 not assigned to any netId
07-08 23:14:10.362  3778  4993 D TetherController: Setting IP forward enable = 1
07-08 23:14:10.602  3778  4993 E Netd    : duplicate netId 10
07-08 23:14:10.722  3778  4993 D TetherController: Setting IP forward enable = 0
07-08 23:14:11.573  3778  4993 E Netd    : interface r_rmnet_data0 not assigned to any netId
07-08 23:14:11.652  3778  4993 D TetherController: Setting IP forward enable = 1
07-08 23:14:12.079  3778  4993 E Netd    : duplicate netId 10
07-08 23:14:12.199  3778  4993 D TetherController: Setting IP forward enable = 0
07-08 23:14:12.379  3778  4993 E Netd    : interface r_rmnet_data0 not assigned to any netId
07-08 23:14:12.458  3778  4993 D TetherController: Setting IP forward enable = 1
07-08 23:14:13.022  3778  4993 E Netd    : duplicate netId 10
07-08 23:14:13.164  3778  4993 D TetherController: Setting IP forward enable = 0
07-08 23:14:13.347  3778  4993 E Netd    : interface r_rmnet_data0 not assigned to any netId
07-08 23:14:13.428  3778  4993 D TetherController: Setting IP forward enable = 1
07-08 23:14:13.712  3778  4993 E Netd    : duplicate netId 10
07-08 23:14:13.715  3778  4993 E FrameworkListener: read() failed (Connection reset by peer)
07-08 23:14:13.832  3778  4993 D TetherController: Setting IP forward enable = 0
07-08 23:14:14.135  3778  4993 E Netd    : interface r_rmnet_data0 not assigned to any netId
07-08 23:14:14.221  3778  4993 D TetherController: Setting IP forward enable = 1
07-08 23:14:14.487  3778  4993 E Netd    : duplicate netId 10
07-08 23:14:14.594  3778  4993 D TetherController: Setting IP forward enable = 0
07-08 23:14:15.419  3778  4993 E Netd    : interface r_rmnet_data0 not assigned to any netId
07-08 23:14:15.510  3778  4993 D TetherController: Setting IP forward enable = 1
07-08 23:14:15.745  3778  4993 E Netd    : duplicate netId 10
07-08 23:14:15.859  3778  4993 D TetherController: Setting IP forward enable = 0
07-08 23:14:16.699  3778  4993 E Netd    : interface r_rmnet_data0 not assigned to any netId
07-08 23:14:16.778  3778  4993 D TetherController: Setting IP forward enable = 1
07-08 23:14:16.947  3778  4993 E Netd    : duplicate netId 10
07-08 23:14:17.070  3778  4993 D TetherController: Setting IP forward enable = 0
07-08 23:14:18.141  3778  4993 E Netd    : interface r_rmnet_data0 not assigned to any netId
07-08 23:14:18.268  3778  4993 D TetherController: Setting IP forward enable = 1
07-08 23:14:18.544  3778  4993 E Netd    : duplicate netId 10
07-08 23:14:18.657  3778  4993 D TetherController: Setting IP forward enable = 0
07-08 23:14:19.274  3778  4993 E Netd    : interface r_rmnet_data0 not assigned to any netId
07-08 23:14:19.365  3778  4993 D TetherController: Setting IP forward enable = 1
07-08 23:14:19.553  3778  4993 E Netd    : duplicate netId 10
07-08 23:14:19.668  3778  4993 D TetherController: Setting IP forward enable = 0
07-08 23:14:20.532  3778  4993 E Netd    : interface r_rmnet_data0 not assigned to any netId
07-08 23:14:20.609  3778  4993 D TetherController: Setting IP forward enable = 1
07-08 23:14:20.811  3778  4993 E Netd    : duplicate netId 10
07-08 23:14:20.917  3778  4993 D TetherController: Setting IP forward enable = 0
07-08 23:14:21.912  3778  4993 E Netd    : interface r_rmnet_data0 not assigned to any netId
07-08 23:14:22.054  3778  4993 D TetherController: Setting IP forward enable = 1
07-08 23:14:22.270  3778  4993 E Netd    : duplicate netId 10
07-08 23:14:22.459  3778  4993 D TetherController: Setting IP forward enable = 0
07-08 23:14:23.097  3778  4993 E Netd    : interface r_rmnet_data0 not assigned to any netId
07-08 23:14:23.178  3778  4993 D TetherController: Setting IP forward enable = 1
07-08 23:14:23.412  3778  4993 E Netd    : duplicate netId 10
07-08 23:14:23.528  3778  4993 D TetherController: Setting IP forward enable = 0
07-08 23:14:24.469  3778  4993 E Netd    : interface r_rmnet_data0 not assigned to any netId
07-08 23:14:24.566  3778  4993 D TetherController: Setting IP forward enable = 1
07-08 23:14:24.783  3778  4993 E Netd    : duplicate netId 10
07-08 23:14:24.895  3778  4993 D TetherController: Setting IP forward enable = 0
07-08 23:14:25.675  3778  4993 E Netd    : interface r_rmnet_data0 not assigned to any netId
07-08 23:14:25.774  3778  4993 D TetherController: Setting IP forward enable = 1
07-08 23:14:26.056  3778  4993 E Netd    : duplicate netId 10
07-08 23:14:26.178  3778  4993 D TetherController: Setting IP forward enable = 0
07-08 23:14:26.973  3778  4993 E Netd    : interface r_rmnet_data0 not assigned to any netId
07-08 23:14:27.068  3778  4993 D TetherController: Setting IP forward enable = 1
07-08 23:14:27.275  3778  4993 E Netd    : duplicate netId 10
07-08 23:14:27.399  3778  4993 D TetherController: Setting IP forward enable = 0
07-08 23:14:28.214  3778  4993 E Netd    : interface r_rmnet_data0 not assigned to any netId
07-08 23:14:28.290  3778  4993 D TetherController: Setting IP forward enable = 1
07-08 23:14:28.576  3778  4993 E Netd    : duplicate netId 10
07-08 23:14:28.684  3778  4993 D TetherController: Setting IP forward enable = 0
07-08 23:14:29.538   373   373 I rmt_storage: rmt_storage_connect_cb: clnt_h=0x47 conn_h=0x7f042e10f0
07-08 23:14:29.539   373   373 I rmt_storage: rmt_storage_rw_iovec_cb: /boot/modem_fs2: clnt_h=0xdfdfdfdfdfdfdfdf: req_h=0x47 msg_id=3: R/W request received
07-08 23:14:29.539   373   373 I rmt_storage: wakelock acquired: 1, error no: 42
07-08 23:14:29.540   373   788 I rmt_storage: rmt_storage_client_thread: /boot/modem_fs2: clnt_h=0xdfdfdfdfdfdfdfdf Unblock worker thread (th_id: 545509462016)
07-08 23:14:29.571  3778  4993 E Netd    : interface r_rmnet_data0 not assigned to any netId
07-08 23:14:29.661  3778  4993 D TetherController: Setting IP forward enable = 1
07-08 23:14:29.972  3778  4993 E Netd    : duplicate netId 10
07-08 23:14:30.039   373   788 I rmt_storage: rmt_storage_client_thread: /boot/modem_fs2: clnt_h=0xdfdfdfdfdfdfdfdf: req_h=0x47 msg_id=3: Bytes written = 1572864
07-08 23:14:30.040   373   788 I rmt_storage: rmt_storage_client_thread: /boot/modem_fs2: clnt_h=0xdfdfdfdfdfdfdfdf: req_h=0x47 msg_id=3: Send response: res=0 err=0
07-08 23:14:30.041   373   788 I rmt_storage: rmt_storage_client_thread: /boot/modem_fs2: clnt_h=0xdfdfdfdfdfdfdfdf About to block rmt_storage client thread (th_id: 545509462016) wakelock released: 1, error no: 0
07-08 23:14:30.041   373   788 I rmt_storage: 
07-08 23:14:30.042   373   373 I rmt_storage: rmt_storage_disconnect_cb: clnt_h=0x47 conn_h=0x7f042e10f0
07-08 23:14:30.084  3778  4993 D TetherController: Setting IP forward enable = 0
07-08 23:14:30.773  3778  4993 E Netd    : interface r_rmnet_data0 not assigned to any netId
07-08 23:14:30.850  3778  4993 D TetherController: Setting IP forward enable = 1
07-08 23:14:31.111  3778  4993 E Netd    : duplicate netId 10
07-08 23:14:31.217  3778  4993 D TetherController: Setting IP forward enable = 0
07-08 23:14:32.060  3778  4993 E Netd    : interface r_rmnet_data0 not assigned to any netId
07-08 23:14:32.143  3778  4993 D TetherController: Setting IP forward enable = 1
07-08 23:14:32.371  3778  4993 E Netd    : duplicate netId 10
07-08 23:14:32.474  3778  4993 D TetherController: Setting IP forward enable = 0
07-08 23:14:33.353  3778  4993 E Netd    : interface r_rmnet_data0 not assigned to any netId
07-08 23:14:33.429  3778  4993 D TetherController: Setting IP forward enable = 1
07-08 23:14:33.604  3778  4993 E Netd    : duplicate netId 10
07-08 23:14:33.707  3778  4993 D TetherController: Setting IP forward enable = 0
07-08 23:14:34.610  3778  4993 E Netd    : interface r_rmnet_data0 not assigned to any netId
07-08 23:14:34.701  3778  4993 D TetherController: Setting IP forward enable = 1
07-08 23:14:34.967  3778  4993 E Netd    : duplicate netId 10
07-08 23:14:35.077  3778  4993 D TetherController: Setting IP forward enable = 0
07-08 23:14:35.898  3778  4993 E Netd    : interface r_rmnet_data0 not assigned to any netId
07-08 23:14:35.973  3778  4993 D TetherController: Setting IP forward enable = 1
07-08 23:14:36.285  3778  4993 E Netd    : duplicate netId 10
07-08 23:14:36.396  3778  4993 D TetherController: Setting IP forward enable = 0
07-08 23:14:37.171  3778  4993 E Netd    : interface r_rmnet_data0 not assigned to any netId
07-08 23:14:37.283  3778  4993 D TetherController: Setting IP forward enable = 1
07-08 23:14:37.527  3778  4993 E Netd    : duplicate netId 10
07-08 23:14:37.635  3778  4993 D TetherController: Setting IP forward enable = 0
07-08 23:14:38.487  3778  4993 E Netd    : interface r_rmnet_data0 not assigned to any netId
07-08 23:14:38.582  3778  4993 D TetherController: Setting IP forward enable = 1
07-08 23:14:38.750  3778  4993 E Netd    : duplicate netId 10
07-08 23:14:38.858  3778  4993 D TetherController: Setting IP forward enable = 0
07-08 23:14:39.732  3778  4993 E Netd    : interface r_rmnet_data0 not assigned to any netId
07-08 23:14:39.808  3778  4993 D TetherController: Setting IP forward enable = 1
07-08 23:14:39.983  3778  4993 E Netd    : duplicate netId 10
07-08 23:14:40.090  3778  4993 D TetherController: Setting IP forward enable = 0
07-08 23:14:41.028  3778  4993 E Netd    : interface r_rmnet_data0 not assigned to any netId
07-08 23:14:41.108  3778  4993 D TetherController: Setting IP forward enable = 1
07-08 23:14:41.473  3778  4993 E Netd    : duplicate netId 10
07-08 23:14:41.588  3778  4993 D TetherController: Setting IP forward enable = 0
07-08 23:14:41.762  3778  4993 E Netd    : interface r_rmnet_data0 not assigned to any netId
07-08 23:14:41.845  3778  4993 D TetherController: Setting IP forward enable = 1
07-08 23:14:42.018  3778  4993 E Netd    : duplicate netId 10
07-08 23:14:42.140  3778  4993 D TetherController: Setting IP forward enable = 0
07-08 23:14:42.985  3778  4993 E Netd    : interface r_rmnet_data0 not assigned to any netId
07-08 23:14:43.073  3778  4993 D TetherController: Setting IP forward enable = 1
07-08 23:14:43.288  3778  4993 E Netd    : duplicate netId 10
07-08 23:14:43.398  3778  4993 D TetherController: Setting IP forward enable = 0
07-08 23:14:44.244  3778  4993 E Netd    : interface r_rmnet_data0 not assigned to any netId
07-08 23:14:44.351  3778  4993 D TetherController: Setting IP forward enable = 1
07-08 23:14:44.542  3778  4993 E Netd    : duplicate netId 10
07-08 23:14:44.644  3778  4993 D TetherController: Setting IP forward enable = 0
07-08 23:14:45.535  3778  4993 E Netd    : interface r_rmnet_data0 not assigned to any netId
07-08 23:14:45.635  3778  4993 D TetherController: Setting IP forward enable = 1
07-08 23:14:45.855  3778  4993 E Netd    : duplicate netId 10
07-08 23:14:45.967  3778  4993 D TetherController: Setting IP forward enable = 0
07-08 23:14:46.854  3778  4993 E Netd    : interface r_rmnet_data0 not assigned to any netId
07-08 23:14:46.963  3778  4993 D TetherController: Setting IP forward enable = 1
07-08 23:14:47.180  3778  4993 E Netd    : duplicate netId 10
07-08 23:14:47.296  3778  4993 D TetherController: Setting IP forward enable = 0
07-08 23:14:47.830  3806  3806 E QCALOG  : [MessageQ] ProcessNewMessage: [LOWI-SERVER] unknown deliver target [OS-Agent]
07-08 23:14:48.002 30222 30222 W Binder_B: type=1400 audit(0.0:102065): avc: denied { ioctl } for path="socket:[3130939]" dev="sockfs" ino=3130939 ioctlcmd=7704 scontext=u:r:system_server:s0 tcontext=u:r:system_server:s0 tclass=unix_stream_socket permissive=0
07-08 23:14:48.002 30222 30222 W Binder_B: type=1400 audit(0.0:102066): avc: denied { ioctl } for path="socket:[3130939]" dev="sockfs" ino=3130939 ioctlcmd=7704 scontext=u:r:system_server:s0 tcontext=u:r:system_server:s0 tclass=unix_stream_socket permissive=0
[...]
07-08 23:14:53.299  3778  4993 E Netd    : interface r_rmnet_data0 not assigned to any netId
07-08 23:14:53.403  3778  4993 D TetherController: Setting IP forward enable = 1
07-08 23:14:53.696  3778  4993 E Netd    : duplicate netId 10
07-08 23:14:53.817  3778  4993 D TetherController: Setting IP forward enable = 0
07-08 23:14:54.480  3778  4993 E Netd    : interface r_rmnet_data0 not assigned to any netId
07-08 23:14:54.563  3778  4993 D TetherController: Setting IP forward enable = 1
07-08 23:14:54.818  3778  4993 E Netd    : duplicate netId 10
07-08 23:14:54.933  3778  4993 D TetherController: Setting IP forward enable = 0
07-08 23:14:55.779  3778  4993 E Netd    : interface r_rmnet_data0 not assigned to any netId
07-08 23:14:55.904  3778  4993 D TetherController: Setting IP forward enable = 1
07-08 23:14:56.226  3778  4993 E Netd    : duplicate netId 10
07-08 23:14:56.340  3778  4993 D TetherController: Setting IP forward enable = 0
07-08 23:14:56.526  3778  4993 E Netd    : interface r_rmnet_data0 not assigned to any netId
07-08 23:14:56.609  3778  4993 D TetherController: Setting IP forward enable = 1
07-08 23:14:56.848  3778  4993 E Netd    : duplicate netId 10
07-08 23:14:56.959  3778  4993 D TetherController: Setting IP forward enable = 0
07-08 23:14:57.671  3778  4993 E Netd    : interface r_rmnet_data0 not assigned to any netId
07-08 23:14:57.748  3778  4993 D TetherController: Setting IP forward enable = 1
07-08 23:14:57.994  3778  4993 E Netd    : duplicate netId 10
07-08 23:14:58.107  3778  4993 D TetherController: Setting IP forward enable = 0
07-08 23:14:58.945  3778  4993 E Netd    : interface r_rmnet_data0 not assigned to any netId
07-08 23:14:59.039  3778  4993 D TetherController: Setting IP forward enable = 1
07-08 23:14:59.379  3778  4993 E Netd    : duplicate netId 10
07-08 23:14:59.495  3778  4993 D TetherController: Setting IP forward enable = 0
07-08 23:14:59.661  3778  4993 E Netd    : interface r_rmnet_data0 not assigned to any netId
07-08 23:14:59.758  3778  4993 D TetherController: Setting IP forward enable = 1
07-08 23:15:00.009  3778  4993 E Netd    : duplicate netId 10
07-08 23:15:00.130  3778  4993 D TetherController: Setting IP forward enable = 0
07-08 23:15:00.868  3778  4993 E Netd    : interface r_rmnet_data0 not assigned to any netId
07-08 23:15:00.949  3778  4993 D TetherController: Setting IP forward enable = 1
07-08 23:15:01.140  3778  4993 E Netd    : duplicate netId 10
07-08 23:15:01.284  3778  4993 D TetherController: Setting IP forward enable = 0
07-08 23:15:02.263  3778  4993 E Netd    : interface r_rmnet_data0 not assigned to any netId
07-08 23:15:02.387  3778  4993 D TetherController: Setting IP forward enable = 1
07-08 23:15:02.556  3778  4993 E Netd    : duplicate netId 10
07-08 23:15:02.679  3778  4993 D TetherController: Setting IP forward enable = 0
07-08 23:15:03.400  3778  4993 E Netd    : interface r_rmnet_data0 not assigned to any netId
07-08 23:15:03.477  3778  4993 D TetherController: Setting IP forward enable = 1
07-08 23:15:03.664  3778  4993 E Netd    : duplicate netId 10
07-08 23:15:03.779  3778  4993 D TetherController: Setting IP forward enable = 0
07-08 23:15:04.728  3778  4993 E Netd    : interface r_rmnet_data0 not assigned to any netId
07-08 23:15:04.817  3778  4993 D TetherController: Setting IP forward enable = 1
07-08 23:15:05.024  3778  4993 E Netd    : duplicate netId 10
07-08 23:15:05.138  3778  4993 D TetherController: Setting IP forward enable = 0
07-08 23:15:05.983  3778  4993 E Netd    : interface r_rmnet_data0 not assigned to any netId
07-08 23:15:06.069  3778  4993 D TetherController: Setting IP forward enable = 1
07-08 23:15:06.297  3778  4993 E Netd    : duplicate netId 10
07-08 23:15:06.408  3778  4993 D TetherController: Setting IP forward enable = 0
07-08 23:15:07.264  3778  4993 E Netd    : interface r_rmnet_data0 not assigned to any netId
07-08 23:15:07.345  3778  4993 D TetherController: Setting IP forward enable = 1
07-08 23:15:07.523  3778  4993 E Netd    : duplicate netId 10
07-08 23:15:07.640  3778  4993 D TetherController: Setting IP forward enable = 0
07-08 23:15:08.525  3778  4993 E Netd    : interface r_rmnet_data0 not assigned to any netId
07-08 23:15:08.599  3778  4993 D TetherController: Setting IP forward enable = 1
07-08 23:15:08.859  3778  4993 E Netd    : duplicate netId 10
07-08 23:15:08.967  3778  4993 D TetherController: Setting IP forward enable = 0
07-08 23:15:09.810  3778  4993 E Netd    : interface r_rmnet_data0 not assigned to any netId
07-08 23:15:09.914  3778  4993 D TetherController: Setting IP forward enable = 1
07-08 23:15:10.028  3810  3810 W perfd   : type=1400 audit(0.0:102070): avc: denied { sys_ptrace } for capability=19 scontext=u:r:perfd:s0 tcontext=u:r:perfd:s0 tclass=capability permissive=0
07-08 23:15:10.028  3810  3810 W perfd   : type=1400 audit(0.0:102071): avc: denied { sys_ptrace } for capability=19 scontext=u:r:perfd:s0 tcontext=u:r:perfd:s0 tclass=capability permissive=0
07-08 23:15:10.028  3810  3810 W perfd   : type=1400 audit(0.0:102072): avc: denied { sys_ptrace } for capability=19 scontext=u:r:perfd:s0 tcontext=u:r:perfd:s0 tclass=capability permissive=0
07-08 23:15:10.028  3810  3810 W perfd   : type=1400 audit(0.0:102073): avc: denied { sys_ptrace } for capability=19 scontext=u:r:perfd:s0 tcontext=u:r:perfd:s0 tclass=capability permissive=0
07-08 23:15:10.028  3810  3810 W perfd   : type=1400 audit(0.0:102074): avc: denied { sys_ptrace } for capability=19 scontext=u:r:perfd:s0 tcontext=u:r:perfd:s0 tclass=capability permissive=0
07-08 23:15:10.028  3810  3810 W perfd   : type=1400 audit(0.0:102075): avc: denied { sys_ptrace } for capability=19 scontext=u:r:perfd:s0 tcontext=u:r:perfd:s0 tclass=capability permissive=0
07-08 23:15:10.028  3810  3810 W perfd   : type=1400 audit(0.0:102076): avc: denied { sys_ptrace } for capability=19 scontext=u:r:perfd:s0 tcontext=u:r:perfd:s0 tclass=capability permissive=0
07-08 23:15:10.028  3810  3810 W perfd   : type=1400 audit(0.0:102077): avc: denied { sys_ptrace } for capability=19 scontext=u:r:perfd:s0 tcontext=u:r:perfd:s0 tclass=capability permissive=0
07-08 23:15:10.028  3810  3810 W perfd   : type=1400 audit(0.0:102078): avc: denied { sys_ptrace } for capability=19 scontext=u:r:perfd:s0 tcontext=u:r:perfd:s0 tclass=capability permissive=0
07-08 23:15:10.028  3810  3810 W perfd   : type=1400 audit(0.0:102079): avc: denied { sys_ptrace } for capability=19 scontext=u:r:perfd:s0 tcontext=u:r:perfd:s0 tclass=capability permissive=0
07-08 23:15:10.028  3810  3810 W perfd   : type=1400 audit(0.0:102080): avc: denied { sys_ptrace } for capability=19 scontext=u:r:perfd:s0 tcontext=u:r:perfd:s0 tclass=capability permissive=0
07-08 23:15:10.028  3810  3810 W perfd   : type=1400 audit(0.0:102081): avc: denied { sys_ptrace } for capability=19 scontext=u:r:perfd:s0 tcontext=u:r:perfd:s0 tclass=capability permissive=0
07-08 23:15:10.028  3810  3810 W perfd   : type=1400 audit(0.0:102082): avc: denied { sys_ptrace } for capability=19 scontext=u:r:perfd:s0 tcontext=u:r:perfd:s0 tclass=capability permissive=0
07-08 23:15:10.028  3810  3810 W perfd   : type=1400 audit(0.0:102083): avc: denied { sys_ptrace } for capability=19 scontext=u:r:perfd:s0 tcontext=u:r:perfd:s0 tclass=capability permissive=0
07-08 23:15:10.028  3810  3810 W perfd   : type=1400 audit(0.0:102084): avc: denied { sys_ptrace } for capability=19 scontext=u:r:perfd:s0 tcontext=u:r:perfd:s0 tclass=capability permissive=0
07-08 23:15:10.028  3810  3810 W perfd   : type=1400 audit(0.0:102085): avc: denied { sys_ptrace } for capability=19 scontext=u:r:perfd:s0 tcontext=u:r:perfd:s0 tclass=capability permissive=0
07-08 23:15:10.028  3810  3810 W perfd   : type=1400 audit(0.0:102086): avc: denied { sys_ptrace } for capability=19 scontext=u:r:perfd:s0 tcontext=u:r:perfd:s0 tclass=capability permissive=0
07-08 23:15:10.028  3810  3810 W perfd   : type=1400 audit(0.0:102087): avc: denied { sys_ptrace } for capability=19 scontext=u:r:perfd:s0 tcontext=u:r:perfd:s0 tclass=capability permissive=0
07-08 23:15:10.028  3810  3810 W perfd   : type=1400 audit(0.0:102088): avc: denied { sys_ptrace } for capability=19 scontext=u:r:perfd:s0 tcontext=u:r:perfd:s0 tclass=capability permissive=0
07-08 23:15:10.028  3810  3810 W perfd   : type=1400 audit(0.0:102089): avc: denied { sys_ptrace } for capability=19 scontext=u:r:perfd:s0 tcontext=u:r:perfd:s0 tclass=capability permissive=0
07-08 23:15:10.028  3810  3810 W perfd   : type=1400 audit(0.0:102090): avc: denied { sys_ptrace } for capability=19 scontext=u:r:perfd:s0 tcontext=u:r:perfd:s0 tclass=capability permissive=0
07-08 23:15:10.028  3810  3810 W perfd   : type=1400 audit(0.0:102091): avc: denied { sys_ptrace } for capability=19 scontext=u:r:perfd:s0 tcontext=u:r:perfd:s0 tclass=capability permissive=0
07-08 23:15:10.028  3810  3810 W perfd   : type=1400 audit(0.0:102092): avc: denied { sys_ptrace } for capability=19 scontext=u:r:perfd:s0 tcontext=u:r:perfd:s0 tclass=capability permissive=0
07-08 23:15:10.028  3810  3810 W perfd   : type=1400 audit(0.0:102093): avc: denied { sys_ptrace } for capability=19 scontext=u:r:perfd:s0 tcontext=u:r:perfd:s0 tclass=capability permissive=0
07-08 23:15:10.028  3810  3810 W perfd   : type=1400 audit(0.0:102094): avc: denied { sys_ptrace } for capability=19 scontext=u:r:perfd:s0 tcontext=u:r:perfd:s0 tclass=capability permissive=0
07-08 23:15:10.028  3810  3810 W perfd   : type=1400 audit(0.0:102095): avc: denied { sys_ptrace } for capability=19 scontext=u:r:perfd:s0 tcontext=u:r:perfd:s0 tclass=capability permissive=0
07-08 23:15:10.028  3810  3810 W perfd   : type=1400 audit(0.0:102096): avc: denied { sys_ptrace } for capability=19 scontext=u:r:perfd:s0 tcontext=u:r:perfd:s0 tclass=capability permissive=0
07-08 23:15:10.028  3810  3810 W perfd   : type=1400 audit(0.0:102097): avc: denied { sys_ptrace } for capability=19 scontext=u:r:perfd:s0 tcontext=u:r:perfd:s0 tclass=capability permissive=0
07-08 23:15:10.136  3778  4993 E Netd    : duplicate netId 10
07-08 23:15:10.248  3778  4993 D TetherController: Setting IP forward enable = 0
07-08 23:15:11.102  3778  4993 E Netd    : interface r_rmnet_data0 not assigned to any netId
07-08 23:15:11.196  3778  4993 D TetherController: Setting IP forward enable = 1
07-08 23:15:11.373  3778  4993 E Netd    : duplicate netId 10
07-08 23:15:11.477  3778  4993 D TetherController: Setting IP forward enable = 0
07-08 23:15:12.393  3778  4993 E Netd    : interface r_rmnet_data0 not assigned to any netId
07-08 23:15:12.474  3778  4993 D TetherController: Setting IP forward enable = 1
07-08 23:15:12.718  3778  4993 E Netd    : duplicate netId 10
07-08 23:15:12.832  3778  4993 D TetherController: Setting IP forward enable = 0
07-08 23:15:13.648  3778  4993 E Netd    : interface r_rmnet_data0 not assigned to any netId
07-08 23:15:13.735  3778  4993 D TetherController: Setting IP forward enable = 1
07-08 23:15:13.992  3778  4993 E Netd    : duplicate netId 10
07-08 23:15:14.117  3778  4993 D TetherController: Setting IP forward enable = 0
07-08 23:15:14.957  3778  4993 E Netd    : interface r_rmnet_data0 not assigned to any netId
07-08 23:15:15.068  3778  4993 D TetherController: Setting IP forward enable = 1
07-08 23:15:15.353  3778  4993 E Netd    : duplicate netId 10
07-08 23:15:15.464  3778  4993 D TetherController: Setting IP forward enable = 0
07-08 23:15:16.207  3778  4993 E Netd    : interface r_rmnet_data0 not assigned to any netId
07-08 23:15:16.286  3778  4993 D TetherController: Setting IP forward enable = 1
07-08 23:15:16.542  3778  4993 E Netd    : duplicate netId 10
07-08 23:15:16.646  3778  4993 D TetherController: Setting IP forward enable = 0
07-08 23:15:17.493  3778  4993 E Netd    : interface r_rmnet_data0 not assigned to any netId
07-08 23:15:17.579  3778  4993 D TetherController: Setting IP forward enable = 1
07-08 23:15:17.773  3778  4993 E Netd    : duplicate netId 10
07-08 23:15:17.879  3778  4993 D TetherController: Setting IP forward enable = 0
07-08 23:15:18.961  3778  4993 E Netd    : interface r_rmnet_data0 not assigned to any netId
07-08 23:15:19.151  3778  4993 D TetherController: Setting IP forward enable = 1
07-08 23:15:19.420  3778  4993 E Netd    : duplicate netId 10
07-08 23:15:19.544  3778  4993 D TetherController: Setting IP forward enable = 0
07-08 23:15:20.062  3778  4993 E Netd    : interface r_rmnet_data0 not assigned to any netId
07-08 23:15:20.180  3778  4993 D TetherController: Setting IP forward enable = 1
07-08 23:15:20.421  3778  4993 E Netd    : duplicate netId 10
07-08 23:15:20.533  3778  4993 D TetherController: Setting IP forward enable = 0
07-08 23:15:21.432  3778  4993 E Netd    : interface r_rmnet_data0 not assigned to any netId
07-08 23:15:21.528  3778  4993 D TetherController: Setting IP forward enable = 1
07-08 23:15:21.758  3778  4993 E Netd    : duplicate netId 10
07-08 23:15:21.860  3778  4993 D TetherController: Setting IP forward enable = 0
07-08 23:15:22.616  3778  4993 E Netd    : interface r_rmnet_data0 not assigned to any netId
07-08 23:15:22.704  3778  4993 D TetherController: Setting IP forward enable = 1
07-08 23:15:22.991  3778  4993 E Netd    : duplicate netId 10
07-08 23:15:23.103  3778  4993 D TetherController: Setting IP forward enable = 0
07-08 23:15:24.002  3778  4993 E Netd    : interface r_rmnet_data0 not assigned to any netId
07-08 23:15:24.109  3778  4993 D TetherController: Setting IP forward enable = 1
07-08 23:15:24.425  3778  4993 E Netd    : duplicate netId 10
07-08 23:15:24.536  3778  4993 D TetherController: Setting IP forward enable = 0
07-08 23:15:25.285  3778  4993 E Netd    : interface r_rmnet_data0 not assigned to any netId
07-08 23:15:25.377  3778  4993 D TetherController: Setting IP forward enable = 1
07-08 23:15:25.615  3778  4993 E Netd    : duplicate netId 10
07-08 23:15:25.732  3778  4993 D TetherController: Setting IP forward enable = 0
07-08 23:15:26.455  3778  4993 E Netd    : interface r_rmnet_data0 not assigned to any netId
07-08 23:15:26.536  3778  4993 D TetherController: Setting IP forward enable = 1
07-08 23:15:26.763  3778  4993 E Netd    : duplicate netId 10
07-08 23:15:26.879  3778  4993 D TetherController: Setting IP forward enable = 0
07-08 23:15:27.784  3778  4993 E Netd    : interface r_rmnet_data0 not assigned to any netId
07-08 23:15:27.866  3778  4993 D TetherController: Setting IP forward enable = 1
07-08 23:15:28.116  3778  4993 E Netd    : duplicate netId 10
07-08 23:15:28.247  3778  4993 D TetherController: Setting IP forward enable = 0
07-08 23:15:29.026  3778  4993 E Netd    : interface r_rmnet_data0 not assigned to any netId
07-08 23:15:29.110  3778  4993 D TetherController: Setting IP forward enable = 1
07-08 23:15:29.387  3778  4993 E Netd    : duplicate netId 10
07-08 23:15:29.497  3778  4993 D TetherController: Setting IP forward enable = 0
07-08 23:15:30.301  3778  4993 E Netd    : interface r_rmnet_data0 not assigned to any netId
07-08 23:15:30.381  3778  4993 D TetherController: Setting IP forward enable = 1
07-08 23:15:30.569  3778  4993 E Netd    : duplicate netId 10
07-08 23:15:30.680  3778  4993 D TetherController: Setting IP forward enable = 0
07-08 23:15:31.604  3778  4993 E Netd    : interface r_rmnet_data0 not assigned to any netId
07-08 23:15:31.697  3778  4993 D TetherController: Setting IP forward enable = 1
07-08 23:15:31.940  3778  4993 E Netd    : duplicate netId 10
[...]
07-08 23:15:33.044  4679  6705 D SurfaceControl: Excessive delay in setPowerMode(): 325ms
07-08 23:15:33.068  3778  4993 E Netd    : duplicate netId 10
07-08 23:15:33.157  3778  4993 D TetherController: Setting IP forward enable = 0
07-08 23:15:34.115  3778  4993 E Netd    : interface r_rmnet_data0 not assigned to any netId
07-08 23:15:34.182  3778  4993 D TetherController: Setting IP forward enable = 1
07-08 23:15:34.311  3778  4993 E Netd    : duplicate netId 10
07-08 23:15:34.390  3778  4993 D TetherController: Setting IP forward enable = 0
07-08 23:15:34.783  3778  4993 E Netd    : interface r_rmnet_data0 not assigned to any netId
07-08 23:15:34.866  3778  4993 D TetherController: Setting IP forward enable = 1
07-08 23:15:35.053  3778  4993 E Netd    : duplicate netId 10
07-08 23:15:35.160  3778  4993 D TetherController: Setting IP forward enable = 0
07-08 23:15:36.057  3778  4993 E Netd    : interface r_rmnet_data0 not assigned to any netId
07-08 23:15:36.143  3778  4993 D TetherController: Setting IP forward enable = 1
07-08 23:15:36.357  3778  4993 E Netd    : duplicate netId 10
07-08 23:15:36.434  6853  6853 D PhoneStatusBar: disable: < expand ICONS alerts SYSTEM_INFO back HOME RECENT clock SEARCH quick_settings >
07-08 23:15:36.472  3778  4993 D TetherController: Setting IP forward enable = 0
07-08 23:15:36.653  6853  6853 D PhoneStatusBar: disable: < expand ICONS alerts SYSTEM_INFO back HOME RECENT clock SEARCH quick_settings >
07-08 23:15:37.323  3778  4993 E Netd    : interface r_rmnet_data0 not assigned to any netId
07-08 23:15:37.396  3778  4993 D TetherController: Setting IP forward enable = 1
07-08 23:15:37.975  3778  4993 E Netd    : duplicate netId 10
07-08 23:15:38.150  3778  4993 E Netd    : interface r_rmnet_data0 not assigned to any netId
07-08 23:15:38.172  3778  4993 D TetherController: Setting IP forward enable = 1
07-08 23:15:38.413  3778  4993 E Netd    : duplicate netId 10
07-08 23:15:38.506  3778  4993 D TetherController: Setting IP forward enable = 0
07-08 23:15:39.248  3778  4993 E Netd    : interface r_rmnet_data0 not assigned to any netId
07-08 23:15:39.330  3778  4993 D TetherController: Setting IP forward enable = 1
07-08 23:15:39.590  3778  4993 E Netd    : duplicate netId 10
07-08 23:15:39.704  3778  4993 D TetherController: Setting IP forward enable = 0
07-08 23:15:40.534  3778  4993 E Netd    : interface r_rmnet_data0 not assigned to any netId
07-08 23:15:40.609  3778  4993 D TetherController: Setting IP forward enable = 1
07-08 23:15:41.359  3778  4993 E Netd    : duplicate netId 10
07-08 23:15:41.490  3778  4993 D TetherController: Setting IP forward enable = 0
07-08 23:15:41.667  3778  4993 E Netd    : interface r_rmnet_data0 not assigned to any netId
07-08 23:15:41.748  3778  4993 D TetherController: Setting IP forward enable = 1
07-08 23:15:41.978  3778  4993 E Netd    : duplicate netId 10
07-08 23:15:42.092  3778  4993 D TetherController: Setting IP forward enable = 0
07-08 23:15:42.459  3778  4993 E Netd    : interface r_rmnet_data0 not assigned to any netId
07-08 23:15:42.544  3778  4993 D TetherController: Setting IP forward enable = 1
07-08 23:15:42.773  3778  4993 E Netd    : duplicate netId 10
07-08 23:15:42.900  3778  4993 D TetherController: Setting IP forward enable = 0
07-08 23:15:43.858  3778  4993 E Netd    : interface r_rmnet_data0 not assigned to any netId
07-08 23:15:44.007  3778  4993 D TetherController: Setting IP forward enable = 1
07-08 23:15:44.440  3778  4993 E Netd    : duplicate netId 10
07-08 23:15:44.560  3778  4993 D TetherController: Setting IP forward enable = 0
07-08 23:15:44.711  3778  4993 E Netd    : interface r_rmnet_data0 not assigned to any netId
07-08 23:15:44.782  3778  4993 D TetherController: Setting IP forward enable = 1
07-08 23:15:45.011  3778  4993 E Netd    : duplicate netId 10
07-08 23:15:45.106  3778  4993 D TetherController: Setting IP forward enable = 0
07-08 23:15:45.301  4679  5035 I PowerManagerService: Going to sleep due to screen timeout (uid 1000)...
07-08 23:15:45.640  3778  4993 E Netd    : interface r_rmnet_data0 not assigned to any netId
07-08 23:15:45.718  3778  4993 D TetherController: Setting IP forward enable = 1
[...]
07-08 23:15:45.988  3778  4993 E Netd    : duplicate netId 10
07-08 23:15:45.998  4679  6366 I hubconnection: sensorhub said: 'batch 21 flags:0, sampling_rate_Hz:1000.00, max_report_latency_us:0'
07-08 23:15:45.998  4679  6366 I hubconnection: sensorhub said: 'activate 21 enable:1'
07-08 23:15:45.999  4679  6685 E native  : do suspend true
07-08 23:15:46.000  3783 23394 D audio_hw_primary: adev_set_parameters: enter: screen_state=off
07-08 23:15:46.001  6853  6853 D PhoneStatusBar: disable: < expand ICONS alerts SYSTEM_INFO back HOME RECENT clock SEARCH quick_settings >
07-08 23:15:46.021  6853  6853 D PhoneStatusBar: disable: < expand ICONS alerts SYSTEM_INFO back HOME RECENT clock SEARCH quick_settings >
07-08 23:15:46.108  3778  4993 D TetherController: Setting IP forward enable = 0
07-08 23:15:46.935  3778  4993 E Netd    : interface r_rmnet_data0 not assigned to any netId
07-08 23:15:47.014  3778  4993 D TetherController: Setting IP forward enable = 1
07-08 23:15:47.185  3778  4993 E Netd    : duplicate netId 10
07-08 23:15:47.301  3778  4993 D TetherController: Setting IP forward enable = 0
07-08 23:15:47.830  3806  3806 E QCALOG  : [MessageQ] ProcessNewMessage: [LOWI-SERVER] unknown deliver target [OS-Agent]
07-08 23:15:48.254  3778  4993 E Netd    : interface r_rmnet_data0 not assigned to any netId
07-08 23:15:48.340  3778  4993 D TetherController: Setting IP forward enable = 1
07-08 23:15:48.554  3778  4993 E Netd    : duplicate netId 10
07-08 23:15:48.658  3778  4993 D TetherController: Setting IP forward enable = 0
07-08 23:15:49.493  3778  4993 E Netd    : interface r_rmnet_data0 not assigned to any netId
07-08 23:15:49.571  3778  4993 D TetherController: Setting IP forward enable = 1
07-08 23:15:49.846  3778  4993 E Netd    : duplicate netId 10
07-08 23:15:49.958  3778  4993 D TetherController: Setting IP forward enable = 0
07-08 23:15:50.793  3778  4993 E Netd    : interface r_rmnet_data0 not assigned to any netId
07-08 23:15:50.879  3778  4993 D TetherController: Setting IP forward enable = 1
07-08 23:15:51.047  3778  4993 E Netd    : duplicate netId 10
07-08 23:15:51.184  3778  4993 D TetherController: Setting IP forward enable = 0
07-08 23:15:52.122  3778  4993 E Netd    : interface r_rmnet_data0 not assigned to any netId
07-08 23:15:52.222  3778  4993 D TetherController: Setting IP forward enable = 1
07-08 23:15:52.459  3778  4993 E Netd    : duplicate netId 10
07-08 23:15:52.570  3778  4993 D TetherController: Setting IP forward enable = 0
07-08 23:15:53.352  3778  4993 E Netd    : interface r_rmnet_data0 not assigned to any netId
07-08 23:15:53.436  3778  4993 D TetherController: Setting IP forward enable = 1
07-08 23:15:53.652  3778  4993 E Netd    : duplicate netId 10
07-08 23:15:53.764  3778  4993 D TetherController: Setting IP forward enable = 0
07-08 23:15:54.625  3778  4993 E Netd    : interface r_rmnet_data0 not assigned to any netId
07-08 23:15:54.707  3778  4993 D TetherController: Setting IP forward enable = 1
07-08 23:15:54.946  3778  4993 E Netd    : duplicate netId 10
07-08 23:15:55.057  3778  4993 D TetherController: Setting IP forward enable = 0
07-08 23:15:55.939  3778  4993 E Netd    : interface r_rmnet_data0 not assigned to any netId
07-08 23:15:56.028  3778  4993 D TetherController: Setting IP forward enable = 1
07-08 23:15:56.307  3778  4993 E Netd    : duplicate netId 10
07-08 23:15:56.419  3778  4993 D TetherController: Setting IP forward enable = 0
07-08 23:15:57.192  3778  4993 E Netd    : interface r_rmnet_data0 not assigned to any netId
07-08 23:15:57.276  3778  4993 D TetherController: Setting IP forward enable = 1
07-08 23:15:57.513  3778  4993 E Netd    : duplicate netId 10
07-08 23:15:57.618  3778  4993 D TetherController: Setting IP forward enable = 0
07-08 23:15:58.466  3778  4993 E Netd    : interface r_rmnet_data0 not assigned to any netId
07-08 23:15:58.548  3778  4993 D TetherController: Setting IP forward enable = 1
07-08 23:15:58.824  3778  4993 E Netd    : duplicate netId 10
07-08 23:15:58.942  3778  4993 D TetherController: Setting IP forward enable = 0
07-08 23:15:59.845  3778  4993 E Netd    : interface r_rmnet_data0 not assigned to any netId
07-08 23:15:59.976  3778  4993 D TetherController: Setting IP forward enable = 1
07-08 23:16:00.287  3778  4993 E Netd    : duplicate netId 10
07-08 23:16:00.418  3778  4993 D TetherController: Setting IP forward enable = 0
07-08 23:16:00.585  3778  4993 E Netd    : interface r_rmnet_data0 not assigned to any netId
07-08 23:16:00.674  3778  4993 D TetherController: Setting IP forward enable = 1
07-08 23:16:00.891  3778  4993 E Netd    : duplicate netId 10
07-08 23:16:00.999  3778  4993 D TetherController: Setting IP forward enable = 0
07-08 23:16:01.663  3778  4993 E Netd    : interface r_rmnet_data0 not assigned to any netId
07-08 23:16:01.744  3778  4993 D TetherController: Setting IP forward enable = 1
07-08 23:16:01.947  3778  4993 E Netd    : duplicate netId 10
07-08 23:16:02.046  3778  4993 D TetherController: Setting IP forward enable = 0
07-08 23:16:02.939  3778  4993 E Netd    : interface r_rmnet_data0 not assigned to any netId
07-08 23:16:03.020  3778  4993 D TetherController: Setting IP forward enable = 1
07-08 23:16:03.237  3778  4993 E Netd    : duplicate netId 10
07-08 23:16:03.344  3778  4993 D TetherController: Setting IP forward enable = 0
07-08 23:16:04.222  3778  4993 E Netd    : interface r_rmnet_data0 not assigned to any netId
07-08 23:16:04.297  3778  4993 D TetherController: Setting IP forward enable = 1
07-08 23:16:04.461  3778  4993 E Netd    : duplicate netId 10
07-08 23:16:04.567  3778  4993 D TetherController: Setting IP forward enable = 0
07-08 23:16:05.500  3778  4993 E Netd    : interface r_rmnet_data0 not assigned to any netId
07-08 23:16:05.578  3778  4993 D TetherController: Setting IP forward enable = 1
07-08 23:16:05.756  3778  4993 E Netd    : duplicate netId 10
07-08 23:16:05.857  3778  4993 D TetherController: Setting IP forward enable = 0
07-08 23:16:06.946  3778  4993 E Netd    : interface r_rmnet_data0 not assigned to any netId
07-08 23:16:07.056  3778  4993 D TetherController: Setting IP forward enable = 1
07-08 23:16:07.269  3778  4993 E Netd    : duplicate netId 10
07-08 23:16:07.386  3778  4993 D TetherController: Setting IP forward enable = 0
07-08 23:16:08.067  3778  4993 E Netd    : interface r_rmnet_data0 not assigned to any netId
07-08 23:16:08.142  3778  4993 D TetherController: Setting IP forward enable = 1
07-08 23:16:08.344  3778  4993 E Netd    : duplicate netId 10
07-08 23:16:08.456  3778  4993 D TetherController: Setting IP forward enable = 0
07-08 23:16:09.338  3778  4993 E Netd    : interface r_rmnet_data0 not assigned to any netId
07-08 23:16:09.449  3778  4993 D TetherController: Setting IP forward enable = 1
07-08 23:16:09.675  3778  4993 E Netd    : duplicate netId 10
07-08 23:16:09.809  3778  4993 D TetherController: Setting IP forward enable = 0
07-08 23:16:10.736  3778  4993 E Netd    : interface r_rmnet_data0 not assigned to any netId
07-08 23:16:10.837  3778  4993 D TetherController: Setting IP forward enable = 1
07-08 23:16:11.066  3778  4993 E Netd    : duplicate netId 10
07-08 23:16:11.174  3778  4993 D TetherController: Setting IP forward enable = 0
07-08 23:16:11.901  3778  4993 E Netd    : interface r_rmnet_data0 not assigned to any netId
07-08 23:16:11.980  3778  4993 D TetherController: Setting IP forward enable = 1
07-08 23:16:12.246  3778  4993 E Netd    : duplicate netId 10
07-08 23:16:12.358  3778  4993 D TetherController: Setting IP forward enable = 0
07-08 23:16:13.224  3778  4993 E Netd    : interface r_rmnet_data0 not assigned to any netId
07-08 23:16:13.308  3778  4993 D TetherController: Setting IP forward enable = 1
07-08 23:16:13.529  3778  4993 E Netd    : duplicate netId 10
07-08 23:16:13.642  3778  4993 D TetherController: Setting IP forward enable = 0
07-08 23:16:14.441  3778  4993 E Netd    : interface r_rmnet_data0 not assigned to any netId
07-08 23:16:14.566  3778  4993 D TetherController: Setting IP forward enable = 1
07-08 23:16:14.795  3778  4993 E Netd    : duplicate netId 10
07-08 23:16:14.908  3778  4993 D TetherController: Setting IP forward enable = 0
07-08 23:16:15.753  3778  4993 E Netd    : interface r_rmnet_data0 not assigned to any netId
07-08 23:16:15.852  3778  4993 D TetherController: Setting IP forward enable = 1
07-08 23:16:16.132  3778  4993 E Netd    : duplicate netId 10
07-08 23:16:16.250  3778  4993 D TetherController: Setting IP forward enable = 0
07-08 23:16:17.024  3778  4993 E Netd    : interface r_rmnet_data0 not assigned to any netId
07-08 23:16:17.114  3778  4993 D TetherController: Setting IP forward enable = 1
07-08 23:16:17.306  3778  4993 E Netd    : duplicate netId 10
07-08 23:16:17.407  3778  4993 D TetherController: Setting IP forward enable = 0
07-08 23:16:18.339  3778  4993 E Netd    : interface r_rmnet_data0 not assigned to any netId
07-08 23:16:18.424  3778  4993 D TetherController: Setting IP forward enable = 1
07-08 23:16:18.709  3778  4993 E Netd    : duplicate netId 10
07-08 23:16:18.819  3778  4993 D TetherController: Setting IP forward enable = 0
07-08 23:16:19.576  3778  4993 E Netd    : interface r_rmnet_data0 not assigned to any netId
07-08 23:16:19.654  3778  4993 D TetherController: Setting IP forward enable = 1
07-08 23:16:19.890  3778  4993 E Netd    : duplicate netId 10
07-08 23:16:20.008  3778  4993 D TetherController: Setting IP forward enable = 0
07-08 23:16:20.898  3778  4993 E Netd    : interface r_rmnet_data0 not assigned to any netId
07-08 23:16:20.992  3778  4993 D TetherController: Setting IP forward enable = 1
07-08 23:16:21.181  3778  4993 E Netd    : duplicate netId 10
07-08 23:16:21.290  3778  4993 D TetherController: Setting IP forward enable = 0
07-08 23:16:22.156  3778  4993 E Netd    : interface r_rmnet_data0 not assigned to any netId
07-08 23:16:22.251  3778  4993 D TetherController: Setting IP forward enable = 1
07-08 23:16:22.428  3778  4993 E Netd    : duplicate netId 10
07-08 23:16:22.571  3778  4993 D TetherController: Setting IP forward enable = 0
07-08 23:16:23.604  3778  4993 E Netd    : interface r_rmnet_data0 not assigned to any netId
07-08 23:16:23.718  3778  4993 D TetherController: Setting IP forward enable = 1
07-08 23:16:23.966  3778  4993 E Netd    : duplicate netId 10
07-08 23:16:24.077  3778  4993 D TetherController: Setting IP forward enable = 0
07-08 23:16:24.703  3778  4993 E Netd    : interface r_rmnet_data0 not assigned to any netId
07-08 23:16:24.804  3778  4993 D TetherController: Setting IP forward enable = 1
07-08 23:16:25.006  3778  4993 E Netd    : duplicate netId 10
07-08 23:16:25.114  3778  4993 D TetherController: Setting IP forward enable = 0
07-08 23:16:25.984  3778  4993 E Netd    : interface r_rmnet_data0 not assigned to any netId
07-08 23:16:26.079  3778  4993 D TetherController: Setting IP forward enable = 1
07-08 23:16:26.280  3778  4993 E Netd    : duplicate netId 10
07-08 23:16:26.393  3778  4993 D TetherController: Setting IP forward enable = 0
07-08 23:16:27.245  3778  4993 E Netd    : interface r_rmnet_data0 not assigned to any netId
07-08 23:16:27.338  3778  4993 D TetherController: Setting IP forward enable = 1
07-08 23:16:27.531  3778  4993 E Netd    : duplicate netId 10
07-08 23:16:27.638  3778  4993 D TetherController: Setting IP forward enable = 0
07-08 23:16:28.583  3778  4993 E Netd    : interface r_rmnet_data0 not assigned to any netId
07-08 23:16:28.714  4679  5034 W ProcessCpuTracker: Skipping unknown process pid 30107
07-08 23:16:28.715  4679  5034 W ProcessCpuTracker: Skipping unknown process pid 30111
07-08 23:16:28.722  3778  4993 D TetherController: Setting IP forward enable = 1
07-08 23:16:29.127  3778  4993 E Netd    : duplicate netId 10
07-08 23:16:29.254  3778  4993 D TetherController: Setting IP forward enable = 0
07-08 23:16:29.423  3778  4993 E Netd    : interface r_rmnet_data0 not assigned to any netId
07-08 23:16:29.507  3778  4993 D TetherController: Setting IP forward enable = 1
07-08 23:16:29.731  3778  4993 E Netd    : duplicate netId 10
07-08 23:16:29.840  3778  4993 D TetherController: Setting IP forward enable = 0
07-08 23:16:30.443  3778  4993 E Netd    : interface r_rmnet_data0 not assigned to any netId
07-08 23:16:30.519  3778  4993 D TetherController: Setting IP forward enable = 1
07-08 23:16:30.733  3778  4993 E Netd    : duplicate netId 10
07-08 23:16:30.837  3778  4993 D TetherController: Setting IP forward enable = 0
07-08 23:16:31.753  3778  4993 E Netd    : interface r_rmnet_data0 not assigned to any netId
07-08 23:16:31.854  3778  4993 D TetherController: Setting IP forward enable = 1
07-08 23:16:32.069  3778  4993 E Netd    : duplicate netId 10
07-08 23:16:32.182  3778  4993 D TetherController: Setting IP forward enable = 0
07-08 23:16:33.007  3778  4993 E Netd    : interface r_rmnet_data0 not assigned to any netId
07-08 23:16:33.089  3778  4993 D TetherController: Setting IP forward enable = 1
07-08 23:16:33.339  3778  4993 E Netd    : duplicate netId 10
07-08 23:16:33.447  3778  4993 D TetherController: Setting IP forward enable = 0
07-08 23:16:34.325  3778  4993 E Netd    : interface r_rmnet_data0 not assigned to any netId
07-08 23:16:34.407  4679  5034 W ProcessCpuTracker: Skipping unknown process pid 30346
07-08 23:16:34.408  4679  5034 W ProcessCpuTracker: Skipping unknown process pid 30350
07-08 23:16:34.411  3778  4993 D TetherController: Setting IP forward enable = 1
07-08 23:16:34.643  3778  4993 E Netd    : duplicate netId 10
07-08 23:16:34.757  3778  4993 D TetherController: Setting IP forward enable = 0
07-08 23:16:35.606  3778  4993 E Netd    : interface r_rmnet_data0 not assigned to any netId
07-08 23:16:35.709  3778  4993 D TetherController: Setting IP forward enable = 1
07-08 23:16:35.911  3778  4993 E Netd    : duplicate netId 10
07-08 23:16:36.047  3778  4993 D TetherController: Setting IP forward enable = 0
07-08 23:16:36.866  3778  4993 E Netd    : interface r_rmnet_data0 not assigned to any netId
07-08 23:16:36.949  3778  4993 D TetherController: Setting IP forward enable = 1
07-08 23:16:37.207  3778  4993 E Netd    : duplicate netId 10
07-08 23:16:37.323  3778  4993 D TetherController: Setting IP forward enable = 0
07-08 23:16:37.590  3778  4993 E Netd    : interface r_rmnet_data0 not assigned to any netId
07-08 23:16:37.677  3778  4993 D TetherController: Setting IP forward enable = 1
07-08 23:16:37.940  3778  4993 E Netd    : duplicate netId 10
07-08 23:16:38.041  3778  4993 D TetherController: Setting IP forward enable = 0
07-08 23:16:38.762  3778  4993 E Netd    : interface r_rmnet_data0 not assigned to any netId
07-08 23:16:38.835  3778  4993 D TetherController: Setting IP forward enable = 1
07-08 23:16:39.068  3778  4993 E Netd    : duplicate netId 10
07-08 23:16:39.181  3778  4993 D TetherController: Setting IP forward enable = 0
07-08 23:16:40.061  3778  4993 E Netd    : interface r_rmnet_data0 not assigned to any netId
07-08 23:16:40.141  3778  4993 D TetherController: Setting IP forward enable = 1
07-08 23:16:40.325  3778  4993 E Netd    : duplicate netId 10
07-08 23:16:40.451  3778  4993 D TetherController: Setting IP forward enable = 0
07-08 23:16:41.324  3778  4993 E Netd    : interface r_rmnet_data0 not assigned to any netId
07-08 23:16:41.402  3778  4993 D TetherController: Setting IP forward enable = 1
07-08 23:16:41.602  3778  4993 E Netd    : duplicate netId 10
07-08 23:16:41.707  3778  4993 D TetherController: Setting IP forward enable = 0
07-08 23:16:42.633  3778  4993 E Netd    : interface r_rmnet_data0 not assigned to any netId
07-08 23:16:42.708  3778  4993 D TetherController: Setting IP forward enable = 1
07-08 23:16:42.878  3778  4993 E Netd    : duplicate netId 10
07-08 23:16:43.004  3778  4993 D TetherController: Setting IP forward enable = 0
07-08 23:16:43.953  3778  4993 E Netd    : interface r_rmnet_data0 not assigned to any netId
07-08 23:16:44.042  3778  4993 D TetherController: Setting IP forward enable = 1
07-08 23:16:44.257  3778  4993 E Netd    : duplicate netId 10
07-08 23:16:44.360  3778  4993 D TetherController: Setting IP forward enable = 0
07-08 23:16:45.198  3778  4993 E Netd    : interface r_rmnet_data0 not assigned to any netId
07-08 23:16:45.280  3778  4993 D TetherController: Setting IP forward enable = 1
07-08 23:16:45.453  3778  4993 E Netd    : duplicate netId 10
07-08 23:16:45.579  3778  4993 D TetherController: Setting IP forward enable = 0
07-08 23:16:45.968  3810  3810 W perfd   : type=1400 audit(0.0:102473): avc: denied { sys_ptrace } for capability=19 scontext=u:r:perfd:s0 tcontext=u:r:perfd:s0 tclass=capability permissive=0
07-08 23:16:45.968  3810  3810 W perfd   : type=1400 audit(0.0:102474): avc: denied { sys_ptrace } for capability=19 scontext=u:r:perfd:s0 tcontext=u:r:perfd:s0 tclass=capability permissive=0
07-08 23:16:45.968  3810  3810 W perfd   : type=1400 audit(0.0:102475): avc: denied { sys_ptrace } for capability=19 scontext=u:r:perfd:s0 tcontext=u:r:perfd:s0 tclass=capability permissive=0
07-08 23:16:45.968  3810  3810 W perfd   : type=1400 audit(0.0:102476): avc: denied { sys_ptrace } for capability=19 scontext=u:r:perfd:s0 tcontext=u:r:perfd:s0 tclass=capability permissive=0
